python3 submission_runner.py --framework=jax --workload=librispeech_conformer_attention_temperature --submission_path=reference_algorithms/target_setting_algorithms/jax_adamw.py --data_dir=/data/librispeech --num_tuning_trials=1 --experiment_dir=/experiment_runs --experiment_name=variants_target_setting/study_0 --overwrite=true --save_checkpoints=false --rng_seed=1706992344 --max_global_steps=80000 --librispeech_tokenizer_vocab_path=/data/librispeech/spm_model.vocab --tuning_ruleset=external --tuning_search_space=reference_algorithms/target_setting_algorithms/librispeech_conformer_attention_temperature/tuning_search_space.json --num_tuning_trials=1 2>&1 | tee -a /logs/librispeech_conformer_attention_temperature_jax_03-27-2024-02-17-22.log
I0327 02:17:46.327191 140406042187584 logger_utils.py:76] Creating experiment directory at /experiment_runs/variants_target_setting/study_0/librispeech_conformer_attention_temperature_jax.
I0327 02:17:47.479959 140406042187584 xla_bridge.py:455] Unable to initialize backend 'rocm': NOT_FOUND: Could not find registered platform with name: "rocm". Available platform names are: Interpreter CUDA Host
I0327 02:17:47.480709 140406042187584 xla_bridge.py:455] Unable to initialize backend 'tpu': module 'jaxlib.xla_extension' has no attribute 'get_tpu_client'
I0327 02:17:47.480854 140406042187584 xla_bridge.py:455] Unable to initialize backend 'plugin': xla_extension has no attributes named get_plugin_device_client. Compile TensorFlow with //tensorflow/compiler/xla/python:enable_plugin_device set to true (defaults to false) to enable this.
I0327 02:17:47.487626 140406042187584 submission_runner.py:557] Using RNG seed 1706992344
I0327 02:17:48.774506 140406042187584 submission_runner.py:566] --- Tuning run 1/1 ---
I0327 02:17:48.774717 140406042187584 submission_runner.py:571] Creating tuning directory at /experiment_runs/variants_target_setting/study_0/librispeech_conformer_attention_temperature_jax/trial_1.
I0327 02:17:48.775119 140406042187584 logger_utils.py:92] Saving hparams to /experiment_runs/variants_target_setting/study_0/librispeech_conformer_attention_temperature_jax/trial_1/hparams.json.
I0327 02:17:48.953316 140406042187584 submission_runner.py:211] Initializing dataset.
I0327 02:17:48.953531 140406042187584 submission_runner.py:222] Initializing model.
I0327 02:17:53.588081 140406042187584 submission_runner.py:264] Initializing optimizer.
I0327 02:17:54.758564 140406042187584 submission_runner.py:271] Initializing metrics bundle.
I0327 02:17:54.758759 140406042187584 submission_runner.py:289] Initializing checkpoint and logger.
I0327 02:17:54.759948 140406042187584 checkpoints.py:915] Found no checkpoint files in /experiment_runs/variants_target_setting/study_0/librispeech_conformer_attention_temperature_jax/trial_1 with prefix checkpoint_
I0327 02:17:54.760100 140406042187584 submission_runner.py:309] Saving meta data to /experiment_runs/variants_target_setting/study_0/librispeech_conformer_attention_temperature_jax/trial_1/meta_data_0.json.
I0327 02:17:54.760574 140406042187584 logger_utils.py:257] Unable to record workload.train_mean information. Continuing without it.
I0327 02:17:54.760696 140406042187584 logger_utils.py:257] Unable to record workload.train_stddev information. Continuing without it.
fatal: detected dubious ownership in repository at '/algorithmic-efficiency'
To add an exception for this directory, call:

	git config --global --add safe.directory /algorithmic-efficiency
I0327 02:17:55.017973 140406042187584 logger_utils.py:220] Unable to record git information. Continuing without it.
I0327 02:17:55.256227 140406042187584 submission_runner.py:313] Saving flags to /experiment_runs/variants_target_setting/study_0/librispeech_conformer_attention_temperature_jax/trial_1/flags_0.json.
I0327 02:17:55.272855 140406042187584 submission_runner.py:323] Starting training loop.
I0327 02:17:55.555659 140406042187584 input_pipeline.py:20] Loading split = train-clean-100
I0327 02:17:55.621804 140406042187584 input_pipeline.py:20] Loading split = train-clean-360
I0327 02:17:56.009023 140406042187584 input_pipeline.py:20] Loading split = train-other-500
/usr/local/lib/python3.8/dist-packages/jax/_src/interpreters/mlir.py:582: UserWarning: Some donated buffers were not usable: ShapedArray(float32[512]), ShapedArray(float32[512]), ShapedArray(float32[512]), ShapedArray(float32[512]), ShapedArray(float32[512]), ShapedArray(float32[512]), ShapedArray(float32[512]), ShapedArray(float32[512]).
See an explanation at https://jax.readthedocs.io/en/latest/faq.html#buffer-donation.
  warnings.warn(f"Some donated buffers were not usable: {', '.join(unused_donations)}.\n{msg}")
I0327 02:18:54.627281 140228586612480 logging_writer.py:48] [0] global_step=0, grad_norm=53.91887664794922, loss=31.47677230834961
I0327 02:18:54.664630 140406042187584 spec.py:321] Evaluating on the training split.
I0327 02:18:54.827584 140406042187584 input_pipeline.py:20] Loading split = train-clean-100
I0327 02:18:54.861366 140406042187584 input_pipeline.py:20] Loading split = train-clean-360
I0327 02:18:55.229217 140406042187584 input_pipeline.py:20] Loading split = train-other-500
/usr/local/lib/python3.8/dist-packages/jax/_src/ops/scatter.py:92: FutureWarning: scatter inputs have incompatible types: cannot safely cast value from dtype=float32 to dtype=int32. In future JAX releases this will result in an error.
  warnings.warn("scatter inputs have incompatible types: cannot safely cast "
I0327 02:19:50.000183 140406042187584 spec.py:333] Evaluating on the validation split.
I0327 02:19:50.112110 140406042187584 input_pipeline.py:20] Loading split = dev-clean
I0327 02:19:50.117702 140406042187584 input_pipeline.py:20] Loading split = dev-other
I0327 02:20:47.328461 140406042187584 spec.py:349] Evaluating on the test split.
I0327 02:20:47.439332 140406042187584 input_pipeline.py:20] Loading split = test-clean
I0327 02:21:19.953998 140406042187584 submission_runner.py:422] Time since start: 204.68s, 	Step: 1, 	{'train/ctc_loss': Array(31.331608, dtype=float32), 'train/wer': 0.9451200466443163, 'validation/ctc_loss': Array(30.673698, dtype=float32), 'validation/wer': 0.9064850304604304, 'validation/num_examples': 5348, 'test/ctc_loss': Array(30.753916, dtype=float32), 'test/wer': 0.9097150285377694, 'test/num_examples': 2472, 'score': 59.39172101020813, 'total_duration': 204.67879557609558, 'accumulated_submission_time': 59.39172101020813, 'accumulated_eval_time': 145.28702449798584, 'accumulated_logging_time': 0}
I0327 02:21:19.981483 140219873490688 logging_writer.py:48] [1] accumulated_eval_time=145.287024, accumulated_logging_time=0, accumulated_submission_time=59.391721, global_step=1, preemption_count=0, score=59.391721, test/ctc_loss=30.753915786743164, test/num_examples=2472, test/wer=0.909715, total_duration=204.678796, train/ctc_loss=31.331607818603516, train/wer=0.945120, validation/ctc_loss=30.67369842529297, validation/num_examples=5348, validation/wer=0.906485
I0327 02:21:42.426519 140234416137984 logging_writer.py:48] [1] global_step=1, grad_norm=54.7853889465332, loss=32.241939544677734
I0327 02:21:43.336082 140234424530688 logging_writer.py:48] [2] global_step=2, grad_norm=60.85182189941406, loss=31.78856658935547
I0327 02:21:44.172403 140234416137984 logging_writer.py:48] [3] global_step=3, grad_norm=60.265281677246094, loss=31.835315704345703
I0327 02:21:45.012326 140234424530688 logging_writer.py:48] [4] global_step=4, grad_norm=51.199954986572266, loss=32.223846435546875
I0327 02:21:45.912360 140234416137984 logging_writer.py:48] [5] global_step=5, grad_norm=54.41377258300781, loss=31.413957595825195
I0327 02:21:46.817427 140234424530688 logging_writer.py:48] [6] global_step=6, grad_norm=54.4508056640625, loss=30.788476943969727
I0327 02:21:47.723352 140234416137984 logging_writer.py:48] [7] global_step=7, grad_norm=62.23462677001953, loss=31.84909439086914
I0327 02:21:48.632313 140234424530688 logging_writer.py:48] [8] global_step=8, grad_norm=63.266998291015625, loss=31.586515426635742
I0327 02:21:49.536736 140234416137984 logging_writer.py:48] [9] global_step=9, grad_norm=66.5223159790039, loss=31.395383834838867
I0327 02:21:50.440473 140234424530688 logging_writer.py:48] [10] global_step=10, grad_norm=67.82760620117188, loss=30.358938217163086
I0327 02:21:51.340587 140234416137984 logging_writer.py:48] [11] global_step=11, grad_norm=74.91828918457031, loss=31.11846351623535
I0327 02:21:52.274797 140234424530688 logging_writer.py:48] [12] global_step=12, grad_norm=79.54319763183594, loss=30.56407928466797
I0327 02:21:53.187816 140234416137984 logging_writer.py:48] [13] global_step=13, grad_norm=87.043701171875, loss=29.8964786529541
I0327 02:21:54.099603 140234424530688 logging_writer.py:48] [14] global_step=14, grad_norm=107.0121841430664, loss=30.244821548461914
I0327 02:21:55.007649 140234416137984 logging_writer.py:48] [15] global_step=15, grad_norm=125.86470031738281, loss=29.733890533447266
I0327 02:21:55.956747 140234424530688 logging_writer.py:48] [16] global_step=16, grad_norm=140.00473022460938, loss=28.635400772094727
I0327 02:21:56.873973 140234416137984 logging_writer.py:48] [17] global_step=17, grad_norm=169.94302368164062, loss=28.565921783447266
I0327 02:21:57.773711 140234424530688 logging_writer.py:48] [18] global_step=18, grad_norm=191.1325225830078, loss=27.155752182006836
I0327 02:21:58.658546 140234416137984 logging_writer.py:48] [19] global_step=19, grad_norm=200.41468811035156, loss=26.184614181518555
I0327 02:21:59.551152 140234424530688 logging_writer.py:48] [20] global_step=20, grad_norm=200.18295288085938, loss=24.48876190185547
I0327 02:22:00.449113 140234416137984 logging_writer.py:48] [21] global_step=21, grad_norm=198.39407348632812, loss=22.801660537719727
I0327 02:22:01.344859 140234424530688 logging_writer.py:48] [22] global_step=22, grad_norm=204.07162475585938, loss=21.84637451171875
I0327 02:22:02.234656 140234416137984 logging_writer.py:48] [23] global_step=23, grad_norm=192.6178741455078, loss=20.16675567626953
I0327 02:22:03.155034 140234424530688 logging_writer.py:48] [24] global_step=24, grad_norm=187.9259033203125, loss=18.645849227905273
I0327 02:22:04.054517 140234416137984 logging_writer.py:48] [25] global_step=25, grad_norm=182.017822265625, loss=17.186466217041016
I0327 02:22:04.953288 140234424530688 logging_writer.py:48] [26] global_step=26, grad_norm=166.1407012939453, loss=15.231428146362305
I0327 02:22:05.848054 140234416137984 logging_writer.py:48] [27] global_step=27, grad_norm=160.54917907714844, loss=14.283297538757324
I0327 02:22:06.745283 140234424530688 logging_writer.py:48] [28] global_step=28, grad_norm=145.2268524169922, loss=12.78059196472168
I0327 02:22:07.650050 140234416137984 logging_writer.py:48] [29] global_step=29, grad_norm=131.40542602539062, loss=11.798730850219727
I0327 02:22:08.554128 140234424530688 logging_writer.py:48] [30] global_step=30, grad_norm=113.21601867675781, loss=10.608637809753418
I0327 02:22:09.452193 140234416137984 logging_writer.py:48] [31] global_step=31, grad_norm=100.46919250488281, loss=9.946602821350098
I0327 02:22:10.356295 140234424530688 logging_writer.py:48] [32] global_step=32, grad_norm=85.14630889892578, loss=9.285802841186523
I0327 02:22:11.265713 140234416137984 logging_writer.py:48] [33] global_step=33, grad_norm=74.89466857910156, loss=8.86287784576416
I0327 02:22:12.169152 140234424530688 logging_writer.py:48] [34] global_step=34, grad_norm=60.10866928100586, loss=8.36248779296875
I0327 02:22:13.061208 140234416137984 logging_writer.py:48] [35] global_step=35, grad_norm=48.37105178833008, loss=8.017853736877441
I0327 02:22:13.968362 140234424530688 logging_writer.py:48] [36] global_step=36, grad_norm=40.128089904785156, loss=7.797854900360107
I0327 02:22:14.870013 140234416137984 logging_writer.py:48] [37] global_step=37, grad_norm=33.290618896484375, loss=7.663711071014404
I0327 02:22:15.779854 140234424530688 logging_writer.py:48] [38] global_step=38, grad_norm=24.927568435668945, loss=7.476781845092773
I0327 02:22:16.687414 140234416137984 logging_writer.py:48] [39] global_step=39, grad_norm=20.77593421936035, loss=7.401798725128174
I0327 02:22:17.587782 140234424530688 logging_writer.py:48] [40] global_step=40, grad_norm=17.747636795043945, loss=7.370049953460693
I0327 02:22:18.480102 140234416137984 logging_writer.py:48] [41] global_step=41, grad_norm=12.357192993164062, loss=7.24031925201416
I0327 02:22:19.392574 140234424530688 logging_writer.py:48] [42] global_step=42, grad_norm=10.163105964660645, loss=7.2310566902160645
I0327 02:22:20.304514 140234416137984 logging_writer.py:48] [43] global_step=43, grad_norm=9.473859786987305, loss=7.218228340148926
I0327 02:22:21.214651 140234424530688 logging_writer.py:48] [44] global_step=44, grad_norm=8.726435661315918, loss=7.227696418762207
I0327 02:22:22.137727 140234416137984 logging_writer.py:48] [45] global_step=45, grad_norm=6.6003947257995605, loss=7.183043003082275
I0327 02:22:23.044277 140234424530688 logging_writer.py:48] [46] global_step=46, grad_norm=5.318282127380371, loss=7.140445709228516
I0327 02:22:23.957925 140234416137984 logging_writer.py:48] [47] global_step=47, grad_norm=6.623309135437012, loss=7.167844772338867
I0327 02:22:24.865546 140234424530688 logging_writer.py:48] [48] global_step=48, grad_norm=6.4031805992126465, loss=7.156707286834717
I0327 02:22:25.774632 140234416137984 logging_writer.py:48] [49] global_step=49, grad_norm=5.390851020812988, loss=7.128708362579346
I0327 02:22:26.687078 140234424530688 logging_writer.py:48] [50] global_step=50, grad_norm=4.9519362449646, loss=7.1012797355651855
I0327 02:22:27.597537 140234416137984 logging_writer.py:48] [51] global_step=51, grad_norm=4.858403205871582, loss=7.099968910217285
I0327 02:22:28.500736 140234424530688 logging_writer.py:48] [52] global_step=52, grad_norm=4.9931488037109375, loss=7.070437431335449
I0327 02:22:29.403038 140234416137984 logging_writer.py:48] [53] global_step=53, grad_norm=4.396590232849121, loss=7.061151504516602
I0327 02:22:30.313486 140234424530688 logging_writer.py:48] [54] global_step=54, grad_norm=4.884206771850586, loss=7.07697868347168
I0327 02:22:31.224961 140234416137984 logging_writer.py:48] [55] global_step=55, grad_norm=4.147730827331543, loss=7.006655693054199
I0327 02:22:32.138056 140234424530688 logging_writer.py:48] [56] global_step=56, grad_norm=4.152077674865723, loss=7.012355804443359
I0327 02:22:33.038554 140234416137984 logging_writer.py:48] [57] global_step=57, grad_norm=4.527945041656494, loss=7.018322467803955
I0327 02:22:33.943052 140234424530688 logging_writer.py:48] [58] global_step=58, grad_norm=4.38419771194458, loss=7.020827770233154
I0327 02:22:34.852463 140234416137984 logging_writer.py:48] [59] global_step=59, grad_norm=3.958439826965332, loss=7.010612487792969
I0327 02:22:35.757937 140234424530688 logging_writer.py:48] [60] global_step=60, grad_norm=3.9086198806762695, loss=6.991506099700928
I0327 02:22:36.661252 140234416137984 logging_writer.py:48] [61] global_step=61, grad_norm=4.478835582733154, loss=6.986907958984375
I0327 02:22:37.569754 140234424530688 logging_writer.py:48] [62] global_step=62, grad_norm=3.8235623836517334, loss=6.980496883392334
I0327 02:22:38.473290 140234416137984 logging_writer.py:48] [63] global_step=63, grad_norm=3.8920578956604004, loss=6.972895622253418
I0327 02:22:39.375986 140234424530688 logging_writer.py:48] [64] global_step=64, grad_norm=4.5007243156433105, loss=6.9728827476501465
I0327 02:22:40.306134 140234416137984 logging_writer.py:48] [65] global_step=65, grad_norm=4.097631931304932, loss=6.954410552978516
I0327 02:22:41.211300 140234424530688 logging_writer.py:48] [66] global_step=66, grad_norm=3.8804004192352295, loss=6.927919864654541
I0327 02:22:42.112036 140234416137984 logging_writer.py:48] [67] global_step=67, grad_norm=4.069989204406738, loss=6.929276466369629
I0327 02:22:43.016411 140234424530688 logging_writer.py:48] [68] global_step=68, grad_norm=3.761495590209961, loss=6.895094871520996
I0327 02:22:43.919170 140234416137984 logging_writer.py:48] [69] global_step=69, grad_norm=3.6995935440063477, loss=6.922958850860596
I0327 02:22:44.827130 140234424530688 logging_writer.py:48] [70] global_step=70, grad_norm=3.973830223083496, loss=6.907037258148193
I0327 02:22:45.738225 140234416137984 logging_writer.py:48] [71] global_step=71, grad_norm=3.792210102081299, loss=6.89626407623291
I0327 02:22:46.642976 140234424530688 logging_writer.py:48] [72] global_step=72, grad_norm=3.9307632446289062, loss=6.885485649108887
I0327 02:22:47.545524 140234416137984 logging_writer.py:48] [73] global_step=73, grad_norm=3.536053419113159, loss=6.875877857208252
I0327 02:22:48.456750 140234424530688 logging_writer.py:48] [74] global_step=74, grad_norm=3.382131576538086, loss=6.859299659729004
I0327 02:22:49.367225 140234416137984 logging_writer.py:48] [75] global_step=75, grad_norm=3.8179125785827637, loss=6.853476524353027
I0327 02:22:50.287210 140234424530688 logging_writer.py:48] [76] global_step=76, grad_norm=3.8158206939697266, loss=6.850275993347168
I0327 02:22:51.187273 140234416137984 logging_writer.py:48] [77] global_step=77, grad_norm=3.5847952365875244, loss=6.850305557250977
I0327 02:22:52.096392 140234424530688 logging_writer.py:48] [78] global_step=78, grad_norm=3.255598306655884, loss=6.80948543548584
I0327 02:22:53.003847 140234416137984 logging_writer.py:48] [79] global_step=79, grad_norm=3.4444735050201416, loss=6.837802886962891
I0327 02:22:53.915282 140234424530688 logging_writer.py:48] [80] global_step=80, grad_norm=3.2473437786102295, loss=6.813376426696777
I0327 02:22:54.833039 140234416137984 logging_writer.py:48] [81] global_step=81, grad_norm=3.262094259262085, loss=6.800297260284424
I0327 02:22:55.731967 140234424530688 logging_writer.py:48] [82] global_step=82, grad_norm=3.1326770782470703, loss=6.787019729614258
I0327 02:22:56.641381 140234416137984 logging_writer.py:48] [83] global_step=83, grad_norm=3.3057689666748047, loss=6.783987522125244
I0327 02:22:57.553406 140234424530688 logging_writer.py:48] [84] global_step=84, grad_norm=3.609693765640259, loss=6.786221027374268
I0327 02:22:58.463627 140234416137984 logging_writer.py:48] [85] global_step=85, grad_norm=3.4121055603027344, loss=6.784107685089111
I0327 02:22:59.373189 140234424530688 logging_writer.py:48] [86] global_step=86, grad_norm=3.3726186752319336, loss=6.756728649139404
I0327 02:23:00.282310 140234416137984 logging_writer.py:48] [87] global_step=87, grad_norm=3.208096742630005, loss=6.744716167449951
I0327 02:23:01.195134 140234424530688 logging_writer.py:48] [88] global_step=88, grad_norm=3.007735252380371, loss=6.754623889923096
I0327 02:23:02.101134 140234416137984 logging_writer.py:48] [89] global_step=89, grad_norm=2.77030873298645, loss=6.737191200256348
I0327 02:23:03.046530 140234424530688 logging_writer.py:48] [90] global_step=90, grad_norm=2.782562494277954, loss=6.731991767883301
I0327 02:23:03.954353 140234416137984 logging_writer.py:48] [91] global_step=91, grad_norm=2.92398738861084, loss=6.720067024230957
I0327 02:23:04.865202 140234424530688 logging_writer.py:48] [92] global_step=92, grad_norm=2.9104297161102295, loss=6.709112644195557
I0327 02:23:05.771340 140234416137984 logging_writer.py:48] [93] global_step=93, grad_norm=2.820587635040283, loss=6.697323322296143
I0327 02:23:06.694905 140234424530688 logging_writer.py:48] [94] global_step=94, grad_norm=3.107537269592285, loss=6.698222637176514
I0327 02:23:07.599339 140234416137984 logging_writer.py:48] [95] global_step=95, grad_norm=3.348900318145752, loss=6.690446853637695
I0327 02:23:08.505279 140234424530688 logging_writer.py:48] [96] global_step=96, grad_norm=2.63852858543396, loss=6.66919469833374
I0327 02:23:09.415718 140234416137984 logging_writer.py:48] [97] global_step=97, grad_norm=2.6254146099090576, loss=6.668227195739746
I0327 02:23:10.329115 140234424530688 logging_writer.py:48] [98] global_step=98, grad_norm=2.664494752883911, loss=6.668162822723389
I0327 02:23:11.237036 140234416137984 logging_writer.py:48] [99] global_step=99, grad_norm=2.559898614883423, loss=6.632085800170898
I0327 02:23:12.165881 140234424530688 logging_writer.py:48] [100] global_step=100, grad_norm=2.5139176845550537, loss=6.654201507568359
I0327 02:28:37.656801 140234416137984 logging_writer.py:48] [500] global_step=500, grad_norm=7.321263790130615, loss=5.841272354125977
I0327 02:36:18.819053 140234424530688 logging_writer.py:48] [1000] global_step=1000, grad_norm=1.975119948387146, loss=5.7829365730285645
I0327 02:43:08.172728 140234491672320 logging_writer.py:48] [1500] global_step=1500, grad_norm=1.649586796760559, loss=5.5523834228515625
I0327 02:45:19.986716 140406042187584 spec.py:321] Evaluating on the training split.
I0327 02:45:55.573875 140406042187584 spec.py:333] Evaluating on the validation split.
I0327 02:46:40.828135 140406042187584 spec.py:349] Evaluating on the test split.
I0327 02:47:02.910182 140406042187584 submission_runner.py:422] Time since start: 1747.63s, 	Step: 1649, 	{'train/ctc_loss': Array(6.258007, dtype=float32), 'train/wer': 0.944635537887994, 'validation/ctc_loss': Array(6.381837, dtype=float32), 'validation/wer': 0.8966179750330672, 'validation/num_examples': 5348, 'test/ctc_loss': Array(6.350325, dtype=float32), 'test/wer': 0.899579550301627, 'test/num_examples': 2472, 'score': 1499.3281831741333, 'total_duration': 1747.6310703754425, 'accumulated_submission_time': 1499.3281831741333, 'accumulated_eval_time': 248.20428919792175, 'accumulated_logging_time': 0.04201531410217285}
I0327 02:47:02.944450 140235218712320 logging_writer.py:48] [1649] accumulated_eval_time=248.204289, accumulated_logging_time=0.042015, accumulated_submission_time=1499.328183, global_step=1649, preemption_count=0, score=1499.328183, test/ctc_loss=6.350325107574463, test/num_examples=2472, test/wer=0.899580, total_duration=1747.631070, train/ctc_loss=6.258007049560547, train/wer=0.944636, validation/ctc_loss=6.381836891174316, validation/num_examples=5348, validation/wer=0.896618
I0327 02:51:55.068348 140235210319616 logging_writer.py:48] [2000] global_step=2000, grad_norm=0.9494476318359375, loss=5.530045032501221
I0327 02:58:47.428776 140234563352320 logging_writer.py:48] [2500] global_step=2500, grad_norm=0.3251345157623291, loss=5.488722801208496
I0327 03:06:24.813079 140234554959616 logging_writer.py:48] [3000] global_step=3000, grad_norm=1.0650224685668945, loss=4.601537227630615
I0327 03:11:02.942787 140406042187584 spec.py:321] Evaluating on the training split.
I0327 03:11:51.034518 140406042187584 spec.py:333] Evaluating on the validation split.
I0327 03:12:39.556635 140406042187584 spec.py:349] Evaluating on the test split.
I0327 03:13:04.543331 140406042187584 submission_runner.py:422] Time since start: 3309.26s, 	Step: 3341, 	{'train/ctc_loss': Array(3.233811, dtype=float32), 'train/wer': 0.6867645100285007, 'validation/ctc_loss': Array(3.4814465, dtype=float32), 'validation/wer': 0.6947584888537031, 'validation/num_examples': 5348, 'test/ctc_loss': Array(3.2425442, dtype=float32), 'test/wer': 0.6666666666666666, 'test/num_examples': 2472, 'score': 2939.2526803016663, 'total_duration': 3309.2614362239838, 'accumulated_submission_time': 2939.2526803016663, 'accumulated_eval_time': 369.7960579395294, 'accumulated_logging_time': 0.09071874618530273}
I0327 03:13:04.579561 140235802392320 logging_writer.py:48] [3341] accumulated_eval_time=369.796058, accumulated_logging_time=0.090719, accumulated_submission_time=2939.252680, global_step=3341, preemption_count=0, score=2939.252680, test/ctc_loss=3.242544174194336, test/num_examples=2472, test/wer=0.666667, total_duration=3309.261436, train/ctc_loss=3.2338109016418457, train/wer=0.686765, validation/ctc_loss=3.4814465045928955, validation/num_examples=5348, validation/wer=0.694758
I0327 03:15:08.497199 140235793999616 logging_writer.py:48] [3500] global_step=3500, grad_norm=0.9693132042884827, loss=3.322148084640503
I0327 03:22:36.604247 140235802392320 logging_writer.py:48] [4000] global_step=4000, grad_norm=0.9114371538162231, loss=2.847669839859009
I0327 03:29:38.684284 140234563352320 logging_writer.py:48] [4500] global_step=4500, grad_norm=1.582686424255371, loss=2.6396265029907227
I0327 03:37:04.736751 140406042187584 spec.py:321] Evaluating on the training split.
I0327 03:37:57.760438 140406042187584 spec.py:333] Evaluating on the validation split.
I0327 03:38:48.163729 140406042187584 spec.py:349] Evaluating on the test split.
I0327 03:39:14.304720 140406042187584 submission_runner.py:422] Time since start: 4879.03s, 	Step: 4986, 	{'train/ctc_loss': Array(1.1162223, dtype=float32), 'train/wer': 0.35403324003352465, 'validation/ctc_loss': Array(1.4812187, dtype=float32), 'validation/wer': 0.4057754134605173, 'validation/num_examples': 5348, 'test/ctc_loss': Array(1.1754295, dtype=float32), 'test/wer': 0.351187211829464, 'test/num_examples': 2472, 'score': 4379.337501049042, 'total_duration': 4879.025956392288, 'accumulated_submission_time': 4379.337501049042, 'accumulated_eval_time': 499.3581876754761, 'accumulated_logging_time': 0.14188861846923828}
I0327 03:39:14.340690 140235474712320 logging_writer.py:48] [4986] accumulated_eval_time=499.358188, accumulated_logging_time=0.141889, accumulated_submission_time=4379.337501, global_step=4986, preemption_count=0, score=4379.337501, test/ctc_loss=1.1754294633865356, test/num_examples=2472, test/wer=0.351187, total_duration=4879.025956, train/ctc_loss=1.1162222623825073, train/wer=0.354033, validation/ctc_loss=1.481218695640564, validation/num_examples=5348, validation/wer=0.405775
I0327 03:39:26.056942 140235466319616 logging_writer.py:48] [5000] global_step=5000, grad_norm=1.0568767786026, loss=2.371950387954712
I0327 03:46:04.572057 140234604312320 logging_writer.py:48] [5500] global_step=5500, grad_norm=1.0992885828018188, loss=2.350198745727539
I0327 03:53:45.107874 140234595919616 logging_writer.py:48] [6000] global_step=6000, grad_norm=0.7904625535011292, loss=2.136011838912964
I0327 04:00:49.369385 140235802392320 logging_writer.py:48] [6500] global_step=6500, grad_norm=0.9815120100975037, loss=2.040560245513916
I0327 04:03:14.846513 140406042187584 spec.py:321] Evaluating on the training split.
I0327 04:04:10.780102 140406042187584 spec.py:333] Evaluating on the validation split.
I0327 04:05:02.612700 140406042187584 spec.py:349] Evaluating on the test split.
I0327 04:05:29.631346 140406042187584 submission_runner.py:422] Time since start: 6454.35s, 	Step: 6667, 	{'train/ctc_loss': Array(0.7248324, dtype=float32), 'train/wer': 0.24071359004702111, 'validation/ctc_loss': Array(1.0661641, dtype=float32), 'validation/wer': 0.3064579974318623, 'validation/num_examples': 5348, 'test/ctc_loss': Array(0.77094764, dtype=float32), 'test/wer': 0.24564824406394084, 'test/num_examples': 2472, 'score': 5819.764954805374, 'total_duration': 6454.353077173233, 'accumulated_submission_time': 5819.764954805374, 'accumulated_eval_time': 634.1376528739929, 'accumulated_logging_time': 0.19594025611877441}
I0327 04:05:29.666676 140235802392320 logging_writer.py:48] [6667] accumulated_eval_time=634.137653, accumulated_logging_time=0.195940, accumulated_submission_time=5819.764955, global_step=6667, preemption_count=0, score=5819.764955, test/ctc_loss=0.7709476351737976, test/num_examples=2472, test/wer=0.245648, total_duration=6454.353077, train/ctc_loss=0.7248324155807495, train/wer=0.240714, validation/ctc_loss=1.0661641359329224, validation/num_examples=5348, validation/wer=0.306458
I0327 04:10:09.130090 140235793999616 logging_writer.py:48] [7000] global_step=7000, grad_norm=0.8689921498298645, loss=1.9960211515426636
I0327 04:17:14.501457 140235802392320 logging_writer.py:48] [7500] global_step=7500, grad_norm=0.5867196917533875, loss=1.8955800533294678
I0327 04:24:51.777389 140235793999616 logging_writer.py:48] [8000] global_step=8000, grad_norm=0.606662929058075, loss=1.9202189445495605
I0327 04:29:29.977092 140406042187584 spec.py:321] Evaluating on the training split.
I0327 04:30:22.364387 140406042187584 spec.py:333] Evaluating on the validation split.
I0327 04:31:12.296296 140406042187584 spec.py:349] Evaluating on the test split.
I0327 04:31:37.411294 140406042187584 submission_runner.py:422] Time since start: 8022.13s, 	Step: 8309, 	{'train/ctc_loss': Array(0.5645023, dtype=float32), 'train/wer': 0.19665572202048315, 'validation/ctc_loss': Array(0.8911399, dtype=float32), 'validation/wer': 0.2630506772739122, 'validation/num_examples': 5348, 'test/ctc_loss': Array(0.6137322, dtype=float32), 'test/wer': 0.20157211626348182, 'test/num_examples': 2472, 'score': 7260.00180888176, 'total_duration': 8022.13317990303, 'accumulated_submission_time': 7260.00180888176, 'accumulated_eval_time': 761.5667946338654, 'accumulated_logging_time': 0.24703526496887207}
I0327 04:31:37.453554 140235003672320 logging_writer.py:48] [8309] accumulated_eval_time=761.566795, accumulated_logging_time=0.247035, accumulated_submission_time=7260.001809, global_step=8309, preemption_count=0, score=7260.001809, test/ctc_loss=0.6137322187423706, test/num_examples=2472, test/wer=0.201572, total_duration=8022.133180, train/ctc_loss=0.5645022988319397, train/wer=0.196656, validation/ctc_loss=0.8911399245262146, validation/num_examples=5348, validation/wer=0.263051
I0327 04:34:05.695435 140234995279616 logging_writer.py:48] [8500] global_step=8500, grad_norm=0.7841035723686218, loss=1.845881462097168
I0327 04:40:48.671605 140235003672320 logging_writer.py:48] [9000] global_step=9000, grad_norm=0.6690154671669006, loss=1.867059350013733
I0327 04:47:46.994766 140235003672320 logging_writer.py:48] [9500] global_step=9500, grad_norm=0.7161885499954224, loss=1.705935001373291
I0327 04:54:40.293348 140234995279616 logging_writer.py:48] [10000] global_step=10000, grad_norm=0.7616551518440247, loss=1.7698121070861816
I0327 04:55:37.856688 140406042187584 spec.py:321] Evaluating on the training split.
I0327 04:56:31.259916 140406042187584 spec.py:333] Evaluating on the validation split.
I0327 04:57:21.154387 140406042187584 spec.py:349] Evaluating on the test split.
I0327 04:57:46.840753 140406042187584 submission_runner.py:422] Time since start: 9591.56s, 	Step: 10067, 	{'train/ctc_loss': Array(0.4868831, dtype=float32), 'train/wer': 0.16960165589940837, 'validation/ctc_loss': Array(0.7654884, dtype=float32), 'validation/wer': 0.22954903115556544, 'validation/num_examples': 5348, 'test/ctc_loss': Array(0.50620687, dtype=float32), 'test/wer': 0.17145004366989622, 'test/num_examples': 2472, 'score': 8700.331828832626, 'total_duration': 9591.559700727463, 'accumulated_submission_time': 8700.331828832626, 'accumulated_eval_time': 890.5427072048187, 'accumulated_logging_time': 0.30434226989746094}
I0327 04:57:46.899543 140235802392320 logging_writer.py:48] [10067] accumulated_eval_time=890.542707, accumulated_logging_time=0.304342, accumulated_submission_time=8700.331829, global_step=10067, preemption_count=0, score=8700.331829, test/ctc_loss=0.5062068700790405, test/num_examples=2472, test/wer=0.171450, total_duration=9591.559701, train/ctc_loss=0.48688310384750366, train/wer=0.169602, validation/ctc_loss=0.7654883861541748, validation/num_examples=5348, validation/wer=0.229549
I0327 05:03:25.653840 140235044632320 logging_writer.py:48] [10500] global_step=10500, grad_norm=0.5502166748046875, loss=1.7003748416900635
I0327 05:10:21.883858 140235036239616 logging_writer.py:48] [11000] global_step=11000, grad_norm=0.5897229313850403, loss=1.6701407432556152
I0327 05:17:31.821661 140235044632320 logging_writer.py:48] [11500] global_step=11500, grad_norm=0.6605705618858337, loss=1.6923398971557617
I0327 05:21:47.231598 140406042187584 spec.py:321] Evaluating on the training split.
I0327 05:22:41.702332 140406042187584 spec.py:333] Evaluating on the validation split.
I0327 05:23:30.410115 140406042187584 spec.py:349] Evaluating on the test split.
I0327 05:23:55.163839 140406042187584 submission_runner.py:422] Time since start: 11159.89s, 	Step: 11832, 	{'train/ctc_loss': Array(0.43912536, dtype=float32), 'train/wer': 0.15616957011890328, 'validation/ctc_loss': Array(0.7563776, dtype=float32), 'validation/wer': 0.2247506685847244, 'validation/num_examples': 5348, 'test/ctc_loss': Array(0.4932181, dtype=float32), 'test/wer': 0.16580342453232588, 'test/num_examples': 2472, 'score': 10140.590170145035, 'total_duration': 11159.885578393936, 'accumulated_submission_time': 10140.590170145035, 'accumulated_eval_time': 1018.4696464538574, 'accumulated_logging_time': 0.37738537788391113}
I0327 05:23:55.209628 140234460952320 logging_writer.py:48] [11832] accumulated_eval_time=1018.469646, accumulated_logging_time=0.377385, accumulated_submission_time=10140.590170, global_step=11832, preemption_count=0, score=10140.590170, test/ctc_loss=0.4932180941104889, test/num_examples=2472, test/wer=0.165803, total_duration=11159.885578, train/ctc_loss=0.4391253590583801, train/wer=0.156170, validation/ctc_loss=0.7563775777816772, validation/num_examples=5348, validation/wer=0.224751
I0327 05:26:05.706732 140234452559616 logging_writer.py:48] [12000] global_step=12000, grad_norm=0.5208517909049988, loss=1.7254836559295654
I0327 05:32:34.997588 140234460952320 logging_writer.py:48] [12500] global_step=12500, grad_norm=0.5781623721122742, loss=1.7401797771453857
I0327 05:39:00.569343 140234452559616 logging_writer.py:48] [13000] global_step=13000, grad_norm=0.585448682308197, loss=1.552300214767456
I0327 05:45:54.145387 140234460952320 logging_writer.py:48] [13500] global_step=13500, grad_norm=1.0401381254196167, loss=1.588830590248108
I0327 05:47:55.795994 140406042187584 spec.py:321] Evaluating on the training split.
I0327 05:48:47.681594 140406042187584 spec.py:333] Evaluating on the validation split.
I0327 05:49:36.335933 140406042187584 spec.py:349] Evaluating on the test split.
I0327 05:50:00.760075 140406042187584 submission_runner.py:422] Time since start: 12725.48s, 	Step: 13659, 	{'train/ctc_loss': Array(0.35610482, dtype=float32), 'train/wer': 0.13272836007176472, 'validation/ctc_loss': Array(0.6884118, dtype=float32), 'validation/wer': 0.20827983046429227, 'validation/num_examples': 5348, 'test/ctc_loss': Array(0.44046697, dtype=float32), 'test/wer': 0.1493307334511405, 'test/num_examples': 2472, 'score': 11581.088110208511, 'total_duration': 12725.48209643364, 'accumulated_submission_time': 11581.088110208511, 'accumulated_eval_time': 1143.428656578064, 'accumulated_logging_time': 0.4524505138397217}
I0327 05:50:00.792037 140235587352320 logging_writer.py:48] [13659] accumulated_eval_time=1143.428657, accumulated_logging_time=0.452451, accumulated_submission_time=11581.088110, global_step=13659, preemption_count=0, score=11581.088110, test/ctc_loss=0.440466970205307, test/num_examples=2472, test/wer=0.149331, total_duration=12725.482096, train/ctc_loss=0.3561048209667206, train/wer=0.132728, validation/ctc_loss=0.6884117722511292, validation/num_examples=5348, validation/wer=0.208280
I0327 05:54:24.440099 140235578959616 logging_writer.py:48] [14000] global_step=14000, grad_norm=0.8103086352348328, loss=1.5656088590621948
I0327 06:01:19.499155 140235259672320 logging_writer.py:48] [14500] global_step=14500, grad_norm=0.5514602065086365, loss=1.5437294244766235
I0327 06:07:45.663928 140235251279616 logging_writer.py:48] [15000] global_step=15000, grad_norm=0.7660632133483887, loss=1.5367897748947144
I0327 06:14:01.444884 140406042187584 spec.py:321] Evaluating on the training split.
I0327 06:14:51.740274 140406042187584 spec.py:333] Evaluating on the validation split.
I0327 06:15:41.117387 140406042187584 spec.py:349] Evaluating on the test split.
I0327 06:16:05.761450 140406042187584 submission_runner.py:422] Time since start: 14290.48s, 	Step: 15446, 	{'train/ctc_loss': Array(0.31225345, dtype=float32), 'train/wer': 0.1149444855268688, 'validation/ctc_loss': Array(0.63623434, dtype=float32), 'validation/wer': 0.19359510315996795, 'validation/num_examples': 5348, 'test/ctc_loss': Array(0.40065524, dtype=float32), 'test/wer': 0.13519387402758312, 'test/num_examples': 2472, 'score': 13021.669342517853, 'total_duration': 14290.482184648514, 'accumulated_submission_time': 13021.669342517853, 'accumulated_eval_time': 1267.7388746738434, 'accumulated_logging_time': 0.49801135063171387}
I0327 06:16:05.796744 140235259672320 logging_writer.py:48] [15446] accumulated_eval_time=1267.738875, accumulated_logging_time=0.498011, accumulated_submission_time=13021.669343, global_step=15446, preemption_count=0, score=13021.669343, test/ctc_loss=0.40065523982048035, test/num_examples=2472, test/wer=0.135194, total_duration=14290.482185, train/ctc_loss=0.3122534453868866, train/wer=0.114944, validation/ctc_loss=0.6362343430519104, validation/num_examples=5348, validation/wer=0.193595
I0327 06:16:51.338395 140234425112320 logging_writer.py:48] [15500] global_step=15500, grad_norm=0.6163938045501709, loss=1.5930023193359375
I0327 06:23:19.840942 140234416719616 logging_writer.py:48] [16000] global_step=16000, grad_norm=0.7524815797805786, loss=1.5257405042648315
I0327 06:30:30.637025 140234425112320 logging_writer.py:48] [16500] global_step=16500, grad_norm=0.5093381404876709, loss=1.515957236289978
I0327 06:36:56.346282 140234416719616 logging_writer.py:48] [17000] global_step=17000, grad_norm=0.5578960180282593, loss=1.483333945274353
I0327 06:40:06.108587 140406042187584 spec.py:321] Evaluating on the training split.
I0327 06:40:57.885792 140406042187584 spec.py:333] Evaluating on the validation split.
I0327 06:41:46.595032 140406042187584 spec.py:349] Evaluating on the test split.
I0327 06:42:11.537863 140406042187584 submission_runner.py:422] Time since start: 15856.26s, 	Step: 17229, 	{'train/ctc_loss': Array(0.3181728, dtype=float32), 'train/wer': 0.12069159690454612, 'validation/ctc_loss': Array(0.64264226, dtype=float32), 'validation/wer': 0.19314133446614595, 'validation/num_examples': 5348, 'test/ctc_loss': Array(0.39903724, dtype=float32), 'test/wer': 0.1338329981922694, 'test/num_examples': 2472, 'score': 14461.909377336502, 'total_duration': 15856.259784698486, 'accumulated_submission_time': 14461.909377336502, 'accumulated_eval_time': 1393.162992477417, 'accumulated_logging_time': 0.5475101470947266}
I0327 06:42:11.577182 140234425112320 logging_writer.py:48] [17229] accumulated_eval_time=1393.162992, accumulated_logging_time=0.547510, accumulated_submission_time=14461.909377, global_step=17229, preemption_count=0, score=14461.909377, test/ctc_loss=0.39903724193573, test/num_examples=2472, test/wer=0.133833, total_duration=15856.259785, train/ctc_loss=0.318172812461853, train/wer=0.120692, validation/ctc_loss=0.6426422595977783, validation/num_examples=5348, validation/wer=0.193141
I0327 06:45:41.137248 140234416719616 logging_writer.py:48] [17500] global_step=17500, grad_norm=0.6469214558601379, loss=1.501107096672058
I0327 06:52:10.114378 140235587352320 logging_writer.py:48] [18000] global_step=18000, grad_norm=0.8350098133087158, loss=1.4886418581008911
I0327 06:59:06.126260 140235578959616 logging_writer.py:48] [18500] global_step=18500, grad_norm=0.5558322072029114, loss=1.5060566663742065
I0327 07:05:37.628945 140234425112320 logging_writer.py:48] [19000] global_step=19000, grad_norm=0.613404393196106, loss=1.522764801979065
I0327 07:06:12.058943 140406042187584 spec.py:321] Evaluating on the training split.
I0327 07:07:03.532991 140406042187584 spec.py:333] Evaluating on the validation split.
I0327 07:07:52.130545 140406042187584 spec.py:349] Evaluating on the test split.
I0327 07:08:17.085365 140406042187584 submission_runner.py:422] Time since start: 17421.81s, 	Step: 19046, 	{'train/ctc_loss': Array(0.296525, dtype=float32), 'train/wer': 0.10833707924588169, 'validation/ctc_loss': Array(0.5774814, dtype=float32), 'validation/wer': 0.1760912171621113, 'validation/num_examples': 5348, 'test/ctc_loss': Array(0.35609692, dtype=float32), 'test/wer': 0.12186947778928767, 'test/num_examples': 2472, 'score': 15902.316984415054, 'total_duration': 17421.807481765747, 'accumulated_submission_time': 15902.316984415054, 'accumulated_eval_time': 1518.1844382286072, 'accumulated_logging_time': 0.6014482975006104}
I0327 07:08:17.120582 140235372312320 logging_writer.py:48] [19046] accumulated_eval_time=1518.184438, accumulated_logging_time=0.601448, accumulated_submission_time=15902.316984, global_step=19046, preemption_count=0, score=15902.316984, test/ctc_loss=0.35609692335128784, test/num_examples=2472, test/wer=0.121869, total_duration=17421.807482, train/ctc_loss=0.2965250015258789, train/wer=0.108337, validation/ctc_loss=0.5774813890457153, validation/num_examples=5348, validation/wer=0.176091
I0327 07:14:12.426968 140235363919616 logging_writer.py:48] [19500] global_step=19500, grad_norm=0.5036680102348328, loss=1.4630203247070312
I0327 07:20:47.980570 140235044632320 logging_writer.py:48] [20000] global_step=20000, grad_norm=0.5997361540794373, loss=1.3837279081344604
I0327 07:27:55.769997 140235036239616 logging_writer.py:48] [20500] global_step=20500, grad_norm=0.787744402885437, loss=1.4675695896148682
I0327 07:32:17.380255 140406042187584 spec.py:321] Evaluating on the training split.
I0327 07:33:09.827694 140406042187584 spec.py:333] Evaluating on the validation split.
I0327 07:33:58.972254 140406042187584 spec.py:349] Evaluating on the test split.
I0327 07:34:23.884977 140406042187584 submission_runner.py:422] Time since start: 18988.61s, 	Step: 20823, 	{'train/ctc_loss': Array(0.2906837, dtype=float32), 'train/wer': 0.10649220460600944, 'validation/ctc_loss': Array(0.5690938, dtype=float32), 'validation/wer': 0.17209419079525376, 'validation/num_examples': 5348, 'test/ctc_loss': Array(0.34827888, dtype=float32), 'test/wer': 0.11928990717608108, 'test/num_examples': 2472, 'score': 17342.500242233276, 'total_duration': 18988.60622382164, 'accumulated_submission_time': 17342.500242233276, 'accumulated_eval_time': 1644.6834568977356, 'accumulated_logging_time': 0.6532752513885498}
I0327 07:34:23.916162 140235802392320 logging_writer.py:48] [20823] accumulated_eval_time=1644.683457, accumulated_logging_time=0.653275, accumulated_submission_time=17342.500242, global_step=20823, preemption_count=0, score=17342.500242, test/ctc_loss=0.34827888011932373, test/num_examples=2472, test/wer=0.119290, total_duration=18988.606224, train/ctc_loss=0.29068368673324585, train/wer=0.106492, validation/ctc_loss=0.5690938234329224, validation/num_examples=5348, validation/wer=0.172094
I0327 07:36:40.975932 140235793999616 logging_writer.py:48] [21000] global_step=21000, grad_norm=0.561418890953064, loss=1.4680697917938232
I0327 07:43:47.655398 140235802392320 logging_writer.py:48] [21500] global_step=21500, grad_norm=0.783621609210968, loss=1.5505790710449219
I0327 07:50:30.783340 140235147032320 logging_writer.py:48] [22000] global_step=22000, grad_norm=0.5261864066123962, loss=1.4234833717346191
I0327 07:57:33.955279 140235138639616 logging_writer.py:48] [22500] global_step=22500, grad_norm=0.5239651799201965, loss=1.4366651773452759
I0327 07:58:23.954034 140406042187584 spec.py:321] Evaluating on the training split.
I0327 07:59:16.766342 140406042187584 spec.py:333] Evaluating on the validation split.
I0327 08:00:05.229717 140406042187584 spec.py:349] Evaluating on the test split.
I0327 08:00:29.788783 140406042187584 submission_runner.py:422] Time since start: 20554.51s, 	Step: 22560, 	{'train/ctc_loss': Array(0.2656108, dtype=float32), 'train/wer': 0.09865212470418767, 'validation/ctc_loss': Array(0.54345155, dtype=float32), 'validation/wer': 0.16567384651032566, 'validation/num_examples': 5348, 'test/ctc_loss': Array(0.33042258, dtype=float32), 'test/wer': 0.11218085430503931, 'test/num_examples': 2472, 'score': 18782.465693712234, 'total_duration': 20554.51053571701, 'accumulated_submission_time': 18782.465693712234, 'accumulated_eval_time': 1770.5128767490387, 'accumulated_logging_time': 0.6983656883239746}
I0327 08:00:29.829836 140235802392320 logging_writer.py:48] [22560] accumulated_eval_time=1770.512877, accumulated_logging_time=0.698366, accumulated_submission_time=18782.465694, global_step=22560, preemption_count=0, score=18782.465694, test/ctc_loss=0.330422580242157, test/num_examples=2472, test/wer=0.112181, total_duration=20554.510536, train/ctc_loss=0.26561081409454346, train/wer=0.098652, validation/ctc_loss=0.5434515476226807, validation/num_examples=5348, validation/wer=0.165674
I0327 08:06:13.612151 140235802392320 logging_writer.py:48] [23000] global_step=23000, grad_norm=1.087755799293518, loss=1.3784734010696411
I0327 08:13:19.475985 140235793999616 logging_writer.py:48] [23500] global_step=23500, grad_norm=0.42869633436203003, loss=1.378319501876831
I0327 08:20:03.617449 140235802392320 logging_writer.py:48] [24000] global_step=24000, grad_norm=0.48051872849464417, loss=1.406927466392517
I0327 08:24:30.779765 140406042187584 spec.py:321] Evaluating on the training split.
I0327 08:25:23.031579 140406042187584 spec.py:333] Evaluating on the validation split.
I0327 08:26:11.652155 140406042187584 spec.py:349] Evaluating on the test split.
I0327 08:26:36.308279 140406042187584 submission_runner.py:422] Time since start: 22121.03s, 	Step: 24340, 	{'train/ctc_loss': Array(0.2391195, dtype=float32), 'train/wer': 0.08944934757822727, 'validation/ctc_loss': Array(0.5295098, dtype=float32), 'validation/wer': 0.1602286221844618, 'validation/num_examples': 5348, 'test/ctc_loss': Array(0.3209627, dtype=float32), 'test/wer': 0.10901224788251783, 'test/num_examples': 2472, 'score': 20223.338948726654, 'total_duration': 22121.02773118019, 'accumulated_submission_time': 20223.338948726654, 'accumulated_eval_time': 1896.033747434616, 'accumulated_logging_time': 0.7552995681762695}
I0327 08:26:36.347300 140235510552320 logging_writer.py:48] [24340] accumulated_eval_time=1896.033747, accumulated_logging_time=0.755300, accumulated_submission_time=20223.338949, global_step=24340, preemption_count=0, score=20223.338949, test/ctc_loss=0.32096269726753235, test/num_examples=2472, test/wer=0.109012, total_duration=22121.027731, train/ctc_loss=0.2391194999217987, train/wer=0.089449, validation/ctc_loss=0.5295097827911377, validation/num_examples=5348, validation/wer=0.160229
I0327 08:28:40.343734 140235502159616 logging_writer.py:48] [24500] global_step=24500, grad_norm=0.7144882082939148, loss=1.3531832695007324
I0327 08:35:09.006690 140235182872320 logging_writer.py:48] [25000] global_step=25000, grad_norm=1.5606038570404053, loss=1.3718425035476685
I0327 08:41:56.323137 140235174479616 logging_writer.py:48] [25500] global_step=25500, grad_norm=0.6028954982757568, loss=1.3962241411209106
I0327 08:48:50.753703 140235510552320 logging_writer.py:48] [26000] global_step=26000, grad_norm=0.5746764540672302, loss=1.3886438608169556
I0327 08:50:36.728398 140406042187584 spec.py:321] Evaluating on the training split.
I0327 08:51:28.900048 140406042187584 spec.py:333] Evaluating on the validation split.
I0327 08:52:18.657327 140406042187584 spec.py:349] Evaluating on the test split.
I0327 08:52:43.565385 140406042187584 submission_runner.py:422] Time since start: 23688.29s, 	Step: 26139, 	{'train/ctc_loss': Array(0.22598623, dtype=float32), 'train/wer': 0.0868358590469235, 'validation/ctc_loss': Array(0.524366, dtype=float32), 'validation/wer': 0.15879973353157553, 'validation/num_examples': 5348, 'test/ctc_loss': Array(0.30867016, dtype=float32), 'test/wer': 0.10618893831373266, 'test/num_examples': 2472, 'score': 21663.641766548157, 'total_duration': 23688.287184000015, 'accumulated_submission_time': 21663.641766548157, 'accumulated_eval_time': 2022.8654391765594, 'accumulated_logging_time': 0.811131477355957}
I0327 08:52:43.604942 140235510552320 logging_writer.py:48] [26139] accumulated_eval_time=2022.865439, accumulated_logging_time=0.811131, accumulated_submission_time=21663.641767, global_step=26139, preemption_count=0, score=21663.641767, test/ctc_loss=0.30867016315460205, test/num_examples=2472, test/wer=0.106189, total_duration=23688.287184, train/ctc_loss=0.22598622739315033, train/wer=0.086836, validation/ctc_loss=0.524366021156311, validation/num_examples=5348, validation/wer=0.158800
I0327 08:57:24.961534 140235502159616 logging_writer.py:48] [26500] global_step=26500, grad_norm=0.5435500144958496, loss=1.386715054512024
I0327 09:04:23.969527 140235182872320 logging_writer.py:48] [27000] global_step=27000, grad_norm=0.5286281108856201, loss=1.3760637044906616
I0327 09:11:13.406304 140235174479616 logging_writer.py:48] [27500] global_step=27500, grad_norm=0.5291776061058044, loss=1.3857526779174805
I0327 09:16:43.585279 140406042187584 spec.py:321] Evaluating on the training split.
I0327 09:17:36.514433 140406042187584 spec.py:333] Evaluating on the validation split.
I0327 09:18:26.075190 140406042187584 spec.py:349] Evaluating on the test split.
I0327 09:18:50.878593 140406042187584 submission_runner.py:422] Time since start: 25255.60s, 	Step: 27884, 	{'train/ctc_loss': Array(0.21838745, dtype=float32), 'train/wer': 0.0825040144828221, 'validation/ctc_loss': Array(0.515495, dtype=float32), 'validation/wer': 0.15555577010340133, 'validation/num_examples': 5348, 'test/ctc_loss': Array(0.30463678, dtype=float32), 'test/wer': 0.10297970873194809, 'test/num_examples': 2472, 'score': 23103.543451070786, 'total_duration': 25255.599942207336, 'accumulated_submission_time': 23103.543451070786, 'accumulated_eval_time': 2150.1531643867493, 'accumulated_logging_time': 0.8675537109375}
