python3 submission_runner.py --framework=jax --workload=librispeech_conformer_gelu --submission_path=reference_algorithms/target_setting_algorithms/jax_nadamw.py --data_dir=/data/librispeech --num_tuning_trials=1 --experiment_dir=/experiment_runs --experiment_name=variants_target_setting/study_0 --overwrite=true --save_checkpoints=false --rng_seed=3996696240 --max_global_steps=80000 --librispeech_tokenizer_vocab_path=/data/librispeech/spm_model.vocab --tuning_ruleset=external --tuning_search_space=reference_algorithms/target_setting_algorithms/librispeech_conformer_gelu/tuning_search_space.json --num_tuning_trials=1 2>&1 | tee -a /logs/librispeech_conformer_gelu_jax_03-27-2024-22-55-09.log
I0327 22:55:30.021256 139830572304192 logger_utils.py:76] Creating experiment directory at /experiment_runs/variants_target_setting/study_0/librispeech_conformer_gelu_jax.
I0327 22:55:31.094296 139830572304192 xla_bridge.py:455] Unable to initialize backend 'rocm': NOT_FOUND: Could not find registered platform with name: "rocm". Available platform names are: Interpreter CUDA Host
I0327 22:55:31.095125 139830572304192 xla_bridge.py:455] Unable to initialize backend 'tpu': module 'jaxlib.xla_extension' has no attribute 'get_tpu_client'
I0327 22:55:31.095283 139830572304192 xla_bridge.py:455] Unable to initialize backend 'plugin': xla_extension has no attributes named get_plugin_device_client. Compile TensorFlow with //tensorflow/compiler/xla/python:enable_plugin_device set to true (defaults to false) to enable this.
I0327 22:55:31.100857 139830572304192 submission_runner.py:557] Using RNG seed 3996696240
I0327 22:55:32.316743 139830572304192 submission_runner.py:566] --- Tuning run 1/1 ---
I0327 22:55:32.316947 139830572304192 submission_runner.py:571] Creating tuning directory at /experiment_runs/variants_target_setting/study_0/librispeech_conformer_gelu_jax/trial_1.
I0327 22:55:32.317355 139830572304192 logger_utils.py:92] Saving hparams to /experiment_runs/variants_target_setting/study_0/librispeech_conformer_gelu_jax/trial_1/hparams.json.
I0327 22:55:32.500186 139830572304192 submission_runner.py:211] Initializing dataset.
I0327 22:55:32.500412 139830572304192 submission_runner.py:222] Initializing model.
I0327 22:55:37.468149 139830572304192 submission_runner.py:264] Initializing optimizer.
I0327 22:55:38.697904 139830572304192 submission_runner.py:271] Initializing metrics bundle.
I0327 22:55:38.698126 139830572304192 submission_runner.py:289] Initializing checkpoint and logger.
I0327 22:55:38.699430 139830572304192 checkpoints.py:915] Found no checkpoint files in /experiment_runs/variants_target_setting/study_0/librispeech_conformer_gelu_jax/trial_1 with prefix checkpoint_
I0327 22:55:38.699574 139830572304192 submission_runner.py:309] Saving meta data to /experiment_runs/variants_target_setting/study_0/librispeech_conformer_gelu_jax/trial_1/meta_data_0.json.
I0327 22:55:38.699785 139830572304192 logger_utils.py:257] Unable to record workload.train_mean information. Continuing without it.
I0327 22:55:38.699852 139830572304192 logger_utils.py:257] Unable to record workload.train_stddev information. Continuing without it.
fatal: detected dubious ownership in repository at '/algorithmic-efficiency'
To add an exception for this directory, call:

	git config --global --add safe.directory /algorithmic-efficiency
I0327 22:55:38.973861 139830572304192 logger_utils.py:220] Unable to record git information. Continuing without it.
I0327 22:55:39.222521 139830572304192 submission_runner.py:313] Saving flags to /experiment_runs/variants_target_setting/study_0/librispeech_conformer_gelu_jax/trial_1/flags_0.json.
I0327 22:55:39.237705 139830572304192 submission_runner.py:323] Starting training loop.
I0327 22:55:39.556672 139830572304192 input_pipeline.py:20] Loading split = train-clean-100
I0327 22:55:39.595620 139830572304192 input_pipeline.py:20] Loading split = train-clean-360
I0327 22:55:39.997073 139830572304192 input_pipeline.py:20] Loading split = train-other-500
/usr/local/lib/python3.8/dist-packages/jax/_src/interpreters/mlir.py:582: UserWarning: Some donated buffers were not usable: ShapedArray(float32[512]), ShapedArray(float32[512]), ShapedArray(float32[512]), ShapedArray(float32[512]), ShapedArray(float32[512]), ShapedArray(float32[512]), ShapedArray(float32[512]), ShapedArray(float32[512]).
See an explanation at https://jax.readthedocs.io/en/latest/faq.html#buffer-donation.
  warnings.warn(f"Some donated buffers were not usable: {', '.join(unused_donations)}.\n{msg}")
I0327 22:56:40.760012 139654461888256 logging_writer.py:48] [0] global_step=0, grad_norm=78.74433135986328, loss=31.30824089050293
I0327 22:56:40.797868 139830572304192 spec.py:321] Evaluating on the training split.
I0327 22:56:40.966493 139830572304192 input_pipeline.py:20] Loading split = train-clean-100
I0327 22:56:41.001958 139830572304192 input_pipeline.py:20] Loading split = train-clean-360
I0327 22:56:41.393221 139830572304192 input_pipeline.py:20] Loading split = train-other-500
/usr/local/lib/python3.8/dist-packages/jax/_src/ops/scatter.py:92: FutureWarning: scatter inputs have incompatible types: cannot safely cast value from dtype=float32 to dtype=int32. In future JAX releases this will result in an error.
  warnings.warn("scatter inputs have incompatible types: cannot safely cast "
I0327 22:57:48.488304 139830572304192 spec.py:333] Evaluating on the validation split.
I0327 22:57:48.610601 139830572304192 input_pipeline.py:20] Loading split = dev-clean
I0327 22:57:48.615652 139830572304192 input_pipeline.py:20] Loading split = dev-other
I0327 22:58:53.013781 139830572304192 spec.py:349] Evaluating on the test split.
I0327 22:58:53.134905 139830572304192 input_pipeline.py:20] Loading split = test-clean
I0327 22:59:29.948662 139830572304192 submission_runner.py:422] Time since start: 230.71s, 	Step: 1, 	{'train/ctc_loss': Array(29.724083, dtype=float32), 'train/wer': 1.0418653561834954, 'validation/ctc_loss': Array(29.371702, dtype=float32), 'validation/wer': 1.245691611071956, 'validation/num_examples': 5348, 'test/ctc_loss': Array(29.384619, dtype=float32), 'test/wer': 1.243881136635996, 'test/num_examples': 2472, 'score': 61.5601065158844, 'total_duration': 230.70839548110962, 'accumulated_submission_time': 61.5601065158844, 'accumulated_eval_time': 169.1482331752777, 'accumulated_logging_time': 0}
I0327 22:59:29.983735 139647097595648 logging_writer.py:48] [1] accumulated_eval_time=169.148233, accumulated_logging_time=0, accumulated_submission_time=61.560107, global_step=1, preemption_count=0, score=61.560107, test/ctc_loss=29.384618759155273, test/num_examples=2472, test/wer=1.243881, total_duration=230.708395, train/ctc_loss=29.724082946777344, train/wer=1.041865, validation/ctc_loss=29.371702194213867, validation/num_examples=5348, validation/wer=1.245692
I0327 22:59:54.481812 139660410959616 logging_writer.py:48] [1] global_step=1, grad_norm=93.67100524902344, loss=31.814626693725586
I0327 22:59:55.409172 139660419352320 logging_writer.py:48] [2] global_step=2, grad_norm=87.06180572509766, loss=31.042436599731445
I0327 22:59:56.318629 139660410959616 logging_writer.py:48] [3] global_step=3, grad_norm=90.71673583984375, loss=31.336233139038086
I0327 22:59:57.214806 139660419352320 logging_writer.py:48] [4] global_step=4, grad_norm=87.81141662597656, loss=31.016141891479492
I0327 22:59:58.110746 139660410959616 logging_writer.py:48] [5] global_step=5, grad_norm=77.13430786132812, loss=31.801448822021484
I0327 22:59:59.005825 139660419352320 logging_writer.py:48] [6] global_step=6, grad_norm=95.46174621582031, loss=31.565954208374023
I0327 22:59:59.901387 139660410959616 logging_writer.py:48] [7] global_step=7, grad_norm=94.2545166015625, loss=30.959680557250977
I0327 23:00:00.798738 139660419352320 logging_writer.py:48] [8] global_step=8, grad_norm=93.88470458984375, loss=31.243200302124023
I0327 23:00:01.751460 139660410959616 logging_writer.py:48] [9] global_step=9, grad_norm=98.87254333496094, loss=31.26786994934082
I0327 23:00:02.662198 139660419352320 logging_writer.py:48] [10] global_step=10, grad_norm=109.25639343261719, loss=30.542110443115234
I0327 23:00:03.570844 139660410959616 logging_writer.py:48] [11] global_step=11, grad_norm=102.34039306640625, loss=30.85202407836914
I0327 23:00:04.485590 139660419352320 logging_writer.py:48] [12] global_step=12, grad_norm=112.59085083007812, loss=30.68131446838379
I0327 23:00:05.400967 139660410959616 logging_writer.py:48] [13] global_step=13, grad_norm=116.325927734375, loss=30.26146697998047
I0327 23:00:06.316545 139660419352320 logging_writer.py:48] [14] global_step=14, grad_norm=124.77831268310547, loss=30.051599502563477
I0327 23:00:07.221303 139660410959616 logging_writer.py:48] [15] global_step=15, grad_norm=124.75286865234375, loss=30.057279586791992
I0327 23:00:08.130373 139660419352320 logging_writer.py:48] [16] global_step=16, grad_norm=129.76243591308594, loss=29.977262496948242
I0327 23:00:09.038130 139660410959616 logging_writer.py:48] [17] global_step=17, grad_norm=142.06053161621094, loss=29.749040603637695
I0327 23:00:09.956224 139660419352320 logging_writer.py:48] [18] global_step=18, grad_norm=133.14610290527344, loss=29.47006607055664
I0327 23:00:10.857790 139660410959616 logging_writer.py:48] [19] global_step=19, grad_norm=135.9239501953125, loss=28.516939163208008
I0327 23:00:11.773507 139660419352320 logging_writer.py:48] [20] global_step=20, grad_norm=126.64293670654297, loss=29.218507766723633
I0327 23:00:12.685314 139660410959616 logging_writer.py:48] [21] global_step=21, grad_norm=138.560302734375, loss=28.196809768676758
I0327 23:00:13.590848 139660419352320 logging_writer.py:48] [22] global_step=22, grad_norm=133.79991149902344, loss=27.570425033569336
I0327 23:00:14.496951 139660410959616 logging_writer.py:48] [23] global_step=23, grad_norm=134.46533203125, loss=27.789840698242188
I0327 23:00:15.410084 139660419352320 logging_writer.py:48] [24] global_step=24, grad_norm=144.34010314941406, loss=27.324424743652344
I0327 23:00:16.318370 139660410959616 logging_writer.py:48] [25] global_step=25, grad_norm=137.02801513671875, loss=26.520112991333008
I0327 23:00:17.222104 139660419352320 logging_writer.py:48] [26] global_step=26, grad_norm=126.55525970458984, loss=27.259817123413086
I0327 23:00:18.116508 139660410959616 logging_writer.py:48] [27] global_step=27, grad_norm=140.54051208496094, loss=26.034603118896484
I0327 23:00:19.022745 139660419352320 logging_writer.py:48] [28] global_step=28, grad_norm=138.43142700195312, loss=25.807540893554688
I0327 23:00:19.923709 139660410959616 logging_writer.py:48] [29] global_step=29, grad_norm=124.21992492675781, loss=25.09288215637207
I0327 23:00:20.833923 139660419352320 logging_writer.py:48] [30] global_step=30, grad_norm=131.17877197265625, loss=24.883499145507812
I0327 23:00:21.742814 139660410959616 logging_writer.py:48] [31] global_step=31, grad_norm=120.64924621582031, loss=24.03354263305664
I0327 23:00:22.665982 139660419352320 logging_writer.py:48] [32] global_step=32, grad_norm=120.50570678710938, loss=24.27634620666504
I0327 23:00:23.580671 139660410959616 logging_writer.py:48] [33] global_step=33, grad_norm=118.72149658203125, loss=23.538969039916992
I0327 23:00:24.485472 139660419352320 logging_writer.py:48] [34] global_step=34, grad_norm=119.15721130371094, loss=22.590497970581055
I0327 23:00:25.385678 139660410959616 logging_writer.py:48] [35] global_step=35, grad_norm=108.5201187133789, loss=22.33323860168457
I0327 23:00:26.305272 139660419352320 logging_writer.py:48] [36] global_step=36, grad_norm=110.61378479003906, loss=21.06568145751953
I0327 23:00:27.217141 139660410959616 logging_writer.py:48] [37] global_step=37, grad_norm=99.2374267578125, loss=21.186038970947266
I0327 23:00:28.121134 139660419352320 logging_writer.py:48] [38] global_step=38, grad_norm=100.00007629394531, loss=20.557819366455078
I0327 23:00:29.021834 139660410959616 logging_writer.py:48] [39] global_step=39, grad_norm=90.59281158447266, loss=20.499889373779297
I0327 23:00:29.939640 139660419352320 logging_writer.py:48] [40] global_step=40, grad_norm=79.09313201904297, loss=20.45289421081543
I0327 23:00:30.851234 139660410959616 logging_writer.py:48] [41] global_step=41, grad_norm=69.62940979003906, loss=20.037540435791016
I0327 23:00:31.757593 139660419352320 logging_writer.py:48] [42] global_step=42, grad_norm=56.69398880004883, loss=19.97612190246582
I0327 23:00:32.666313 139660410959616 logging_writer.py:48] [43] global_step=43, grad_norm=54.02206802368164, loss=18.904685974121094
I0327 23:00:33.587160 139660419352320 logging_writer.py:48] [44] global_step=44, grad_norm=39.11474609375, loss=19.589717864990234
I0327 23:00:34.503543 139660410959616 logging_writer.py:48] [45] global_step=45, grad_norm=31.54407501220703, loss=19.2227783203125
I0327 23:00:35.413033 139660419352320 logging_writer.py:48] [46] global_step=46, grad_norm=20.316410064697266, loss=18.170326232910156
I0327 23:00:36.328735 139660410959616 logging_writer.py:48] [47] global_step=47, grad_norm=23.476123809814453, loss=18.17389678955078
I0327 23:00:37.245356 139660419352320 logging_writer.py:48] [48] global_step=48, grad_norm=32.449729919433594, loss=18.08683967590332
I0327 23:00:38.153506 139660410959616 logging_writer.py:48] [49] global_step=49, grad_norm=38.24641036987305, loss=18.03462791442871
I0327 23:00:39.062138 139660419352320 logging_writer.py:48] [50] global_step=50, grad_norm=32.554405212402344, loss=16.237565994262695
I0327 23:00:39.979629 139660410959616 logging_writer.py:48] [51] global_step=51, grad_norm=45.60055160522461, loss=17.351133346557617
I0327 23:00:40.896564 139660419352320 logging_writer.py:48] [52] global_step=52, grad_norm=45.43497085571289, loss=16.97971534729004
I0327 23:00:41.810659 139660410959616 logging_writer.py:48] [53] global_step=53, grad_norm=34.06060791015625, loss=15.712889671325684
I0327 23:00:42.718152 139660419352320 logging_writer.py:48] [54] global_step=54, grad_norm=37.79057312011719, loss=16.692535400390625
I0327 23:00:43.634423 139660410959616 logging_writer.py:48] [55] global_step=55, grad_norm=34.84282302856445, loss=16.077011108398438
I0327 23:00:44.552395 139660419352320 logging_writer.py:48] [56] global_step=56, grad_norm=42.75889587402344, loss=16.567121505737305
I0327 23:00:45.467576 139660410959616 logging_writer.py:48] [57] global_step=57, grad_norm=28.79339599609375, loss=15.695183753967285
I0327 23:00:46.375970 139660419352320 logging_writer.py:48] [58] global_step=58, grad_norm=32.03135681152344, loss=16.29664421081543
I0327 23:00:47.289005 139660410959616 logging_writer.py:48] [59] global_step=59, grad_norm=28.731597900390625, loss=16.593603134155273
I0327 23:00:48.199958 139660419352320 logging_writer.py:48] [60] global_step=60, grad_norm=26.0711612701416, loss=15.197480201721191
I0327 23:00:49.114579 139660410959616 logging_writer.py:48] [61] global_step=61, grad_norm=30.114547729492188, loss=14.634026527404785
I0327 23:00:50.024156 139660419352320 logging_writer.py:48] [62] global_step=62, grad_norm=31.221179962158203, loss=15.934972763061523
I0327 23:00:50.940698 139660410959616 logging_writer.py:48] [63] global_step=63, grad_norm=34.701026916503906, loss=15.308046340942383
I0327 23:00:51.852995 139660419352320 logging_writer.py:48] [64] global_step=64, grad_norm=35.15087890625, loss=14.991693496704102
I0327 23:00:52.770650 139660410959616 logging_writer.py:48] [65] global_step=65, grad_norm=43.463478088378906, loss=14.397014617919922
I0327 23:00:53.684280 139660419352320 logging_writer.py:48] [66] global_step=66, grad_norm=26.504077911376953, loss=15.413823127746582
I0327 23:00:54.597287 139660410959616 logging_writer.py:48] [67] global_step=67, grad_norm=24.626489639282227, loss=15.096381187438965
I0327 23:00:55.512176 139660419352320 logging_writer.py:48] [68] global_step=68, grad_norm=20.004728317260742, loss=14.879350662231445
I0327 23:00:56.427704 139660410959616 logging_writer.py:48] [69] global_step=69, grad_norm=14.612202644348145, loss=14.236649513244629
I0327 23:00:57.338787 139660419352320 logging_writer.py:48] [70] global_step=70, grad_norm=20.081560134887695, loss=14.33501148223877
I0327 23:00:58.257827 139660410959616 logging_writer.py:48] [71] global_step=71, grad_norm=14.116790771484375, loss=14.315510749816895
I0327 23:00:59.166055 139660419352320 logging_writer.py:48] [72] global_step=72, grad_norm=15.697107315063477, loss=13.987715721130371
I0327 23:01:00.086674 139660410959616 logging_writer.py:48] [73] global_step=73, grad_norm=23.040874481201172, loss=14.397920608520508
I0327 23:01:00.999635 139660419352320 logging_writer.py:48] [74] global_step=74, grad_norm=19.980833053588867, loss=14.289398193359375
I0327 23:01:01.938937 139660410959616 logging_writer.py:48] [75] global_step=75, grad_norm=16.215871810913086, loss=14.514498710632324
I0327 23:01:02.845578 139660419352320 logging_writer.py:48] [76] global_step=76, grad_norm=9.690832138061523, loss=13.963744163513184
I0327 23:01:03.769086 139660410959616 logging_writer.py:48] [77] global_step=77, grad_norm=23.21376609802246, loss=13.670784950256348
I0327 23:01:04.665910 139660419352320 logging_writer.py:48] [78] global_step=78, grad_norm=18.6062068939209, loss=13.20963191986084
I0327 23:01:05.583432 139660410959616 logging_writer.py:48] [79] global_step=79, grad_norm=13.997209548950195, loss=13.840429306030273
I0327 23:01:06.487084 139660419352320 logging_writer.py:48] [80] global_step=80, grad_norm=9.610503196716309, loss=13.857528686523438
I0327 23:01:07.396228 139660410959616 logging_writer.py:48] [81] global_step=81, grad_norm=7.9827494621276855, loss=13.615434646606445
I0327 23:01:08.294520 139660419352320 logging_writer.py:48] [82] global_step=82, grad_norm=22.567203521728516, loss=14.497868537902832
I0327 23:01:09.202556 139660410959616 logging_writer.py:48] [83] global_step=83, grad_norm=21.05522346496582, loss=14.10488510131836
I0327 23:01:10.105696 139660419352320 logging_writer.py:48] [84] global_step=84, grad_norm=12.99457836151123, loss=14.624382972717285
I0327 23:01:11.010768 139660410959616 logging_writer.py:48] [85] global_step=85, grad_norm=7.490337371826172, loss=14.03860855102539
I0327 23:01:11.906348 139660419352320 logging_writer.py:48] [86] global_step=86, grad_norm=22.928409576416016, loss=14.092964172363281
I0327 23:01:12.811933 139660410959616 logging_writer.py:48] [87] global_step=87, grad_norm=19.496749877929688, loss=13.644166946411133
I0327 23:01:13.714529 139660419352320 logging_writer.py:48] [88] global_step=88, grad_norm=13.859223365783691, loss=13.430745124816895
I0327 23:01:14.618680 139660410959616 logging_writer.py:48] [89] global_step=89, grad_norm=11.716197967529297, loss=13.547188758850098
I0327 23:01:15.518913 139660419352320 logging_writer.py:48] [90] global_step=90, grad_norm=7.7685956954956055, loss=13.169808387756348
I0327 23:01:16.421422 139660410959616 logging_writer.py:48] [91] global_step=91, grad_norm=20.136150360107422, loss=14.552375793457031
I0327 23:01:17.323523 139660419352320 logging_writer.py:48] [92] global_step=92, grad_norm=13.771768569946289, loss=13.420867919921875
I0327 23:01:18.227923 139660410959616 logging_writer.py:48] [93] global_step=93, grad_norm=5.676396369934082, loss=13.241496086120605
I0327 23:01:19.126933 139660419352320 logging_writer.py:48] [94] global_step=94, grad_norm=9.843690872192383, loss=12.719128608703613
I0327 23:01:20.038671 139660410959616 logging_writer.py:48] [95] global_step=95, grad_norm=10.723893165588379, loss=13.318680763244629
I0327 23:01:20.972875 139660419352320 logging_writer.py:48] [96] global_step=96, grad_norm=10.246420860290527, loss=13.096624374389648
I0327 23:01:21.873630 139660410959616 logging_writer.py:48] [97] global_step=97, grad_norm=9.014445304870605, loss=12.582462310791016
I0327 23:01:22.775799 139660419352320 logging_writer.py:48] [98] global_step=98, grad_norm=4.832730293273926, loss=12.560542106628418
I0327 23:01:23.699319 139660410959616 logging_writer.py:48] [99] global_step=99, grad_norm=4.90983247756958, loss=12.449219703674316
I0327 23:01:24.607827 139660419352320 logging_writer.py:48] [100] global_step=100, grad_norm=18.862112045288086, loss=13.435603141784668
I0327 23:06:38.726136 139660410959616 logging_writer.py:48] [500] global_step=500, grad_norm=0.9663858413696289, loss=5.798056602478027
I0327 23:13:58.910855 139660419352320 logging_writer.py:48] [1000] global_step=1000, grad_norm=1.0371536016464233, loss=5.526208877563477
I0327 23:20:37.429159 139660461315840 logging_writer.py:48] [1500] global_step=1500, grad_norm=1.4648431539535522, loss=5.3397111892700195
I0327 23:23:30.483465 139830572304192 spec.py:321] Evaluating on the training split.
I0327 23:24:14.210904 139830572304192 spec.py:333] Evaluating on the validation split.
I0327 23:25:02.380163 139830572304192 spec.py:349] Evaluating on the test split.
I0327 23:25:27.554662 139830572304192 submission_runner.py:422] Time since start: 1788.31s, 	Step: 1696, 	{'train/ctc_loss': Array(6.410073, dtype=float32), 'train/wer': 0.8939620193198904, 'validation/ctc_loss': Array(6.336784, dtype=float32), 'validation/wer': 0.8628459986290392, 'validation/num_examples': 5348, 'test/ctc_loss': Array(6.272086, dtype=float32), 'test/wer': 0.8588548331403734, 'test/num_examples': 2472, 'score': 1501.9804787635803, 'total_duration': 1788.3104214668274, 'accumulated_submission_time': 1501.9804787635803, 'accumulated_eval_time': 286.21294832229614, 'accumulated_logging_time': 0.05088329315185547}
I0327 23:25:27.592735 139660461315840 logging_writer.py:48] [1696] accumulated_eval_time=286.212948, accumulated_logging_time=0.050883, accumulated_submission_time=1501.980479, global_step=1696, preemption_count=0, score=1501.980479, test/ctc_loss=6.272086143493652, test/num_examples=2472, test/wer=0.858855, total_duration=1788.310421, train/ctc_loss=6.4100728034973145, train/wer=0.893962, validation/ctc_loss=6.3367838859558105, validation/num_examples=5348, validation/wer=0.862846
I0327 23:29:26.471509 139660452923136 logging_writer.py:48] [2000] global_step=2000, grad_norm=1.482446312904358, loss=3.811957597732544
I0327 23:36:11.218075 139660461315840 logging_writer.py:48] [2500] global_step=2500, grad_norm=1.2691164016723633, loss=3.20310115814209
I0327 23:43:42.978291 139660452923136 logging_writer.py:48] [3000] global_step=3000, grad_norm=0.9792738556861877, loss=2.8346545696258545
I0327 23:49:28.169683 139830572304192 spec.py:321] Evaluating on the training split.
I0327 23:50:21.305931 139830572304192 spec.py:333] Evaluating on the validation split.
I0327 23:51:13.773401 139830572304192 spec.py:349] Evaluating on the test split.
I0327 23:51:40.055832 139830572304192 submission_runner.py:422] Time since start: 3360.81s, 	Step: 3425, 	{'train/ctc_loss': Array(2.6952374, dtype=float32), 'train/wer': 0.6571664491383213, 'validation/ctc_loss': Array(2.9338875, dtype=float32), 'validation/wer': 0.6544406576749664, 'validation/num_examples': 5348, 'test/ctc_loss': Array(2.6769202, dtype=float32), 'test/wer': 0.6290089980297767, 'test/num_examples': 2472, 'score': 2942.470513343811, 'total_duration': 3360.8145723342896, 'accumulated_submission_time': 2942.470513343811, 'accumulated_eval_time': 418.0957956314087, 'accumulated_logging_time': 0.10571146011352539}
I0327 23:51:40.090755 139660461315840 logging_writer.py:48] [3425] accumulated_eval_time=418.095796, accumulated_logging_time=0.105711, accumulated_submission_time=2942.470513, global_step=3425, preemption_count=0, score=2942.470513, test/ctc_loss=2.676920175552368, test/num_examples=2472, test/wer=0.629009, total_duration=3360.814572, train/ctc_loss=2.695237398147583, train/wer=0.657166, validation/ctc_loss=2.933887481689453, validation/num_examples=5348, validation/wer=0.654441
I0327 23:52:38.839702 139660452923136 logging_writer.py:48] [3500] global_step=3500, grad_norm=1.0152121782302856, loss=2.5967350006103516
I0327 23:59:49.125627 139660461315840 logging_writer.py:48] [4000] global_step=4000, grad_norm=0.9965134263038635, loss=2.4045825004577637
I0328 00:06:44.005836 139660461315840 logging_writer.py:48] [4500] global_step=4500, grad_norm=1.029732346534729, loss=2.2845821380615234
I0328 00:14:23.645718 139660452923136 logging_writer.py:48] [5000] global_step=5000, grad_norm=1.5047937631607056, loss=2.1288230419158936
I0328 00:15:41.516079 139830572304192 spec.py:321] Evaluating on the training split.
I0328 00:16:38.331226 139830572304192 spec.py:333] Evaluating on the validation split.
I0328 00:17:30.231606 139830572304192 spec.py:349] Evaluating on the test split.
I0328 00:17:56.829033 139830572304192 submission_runner.py:422] Time since start: 4937.59s, 	Step: 5086, 	{'train/ctc_loss': Array(0.8473239, dtype=float32), 'train/wer': 0.287279071851395, 'validation/ctc_loss': Array(1.2079897, dtype=float32), 'validation/wer': 0.3485329754675266, 'validation/num_examples': 5348, 'test/ctc_loss': Array(0.91311014, dtype=float32), 'test/wer': 0.2880791339142445, 'test/num_examples': 2472, 'score': 4383.815589189529, 'total_duration': 4937.585582733154, 'accumulated_submission_time': 4383.815589189529, 'accumulated_eval_time': 553.4030690193176, 'accumulated_logging_time': 0.1536262035369873}
I0328 00:17:56.862374 139660461315840 logging_writer.py:48] [5086] accumulated_eval_time=553.403069, accumulated_logging_time=0.153626, accumulated_submission_time=4383.815589, global_step=5086, preemption_count=0, score=4383.815589, test/ctc_loss=0.9131101369857788, test/num_examples=2472, test/wer=0.288079, total_duration=4937.585583, train/ctc_loss=0.8473238945007324, train/wer=0.287279, validation/ctc_loss=1.2079896926879883, validation/num_examples=5348, validation/wer=0.348533
I0328 00:23:30.579591 139660461315840 logging_writer.py:48] [5500] global_step=5500, grad_norm=1.6911646127700806, loss=2.01188588142395
I0328 00:31:07.810508 139660452923136 logging_writer.py:48] [6000] global_step=6000, grad_norm=0.9815291166305542, loss=1.9583250284194946
I0328 00:38:14.350749 139660461315840 logging_writer.py:48] [6500] global_step=6500, grad_norm=0.8634225726127625, loss=1.891937255859375
I0328 00:41:57.263362 139830572304192 spec.py:321] Evaluating on the training split.
I0328 00:42:51.499702 139830572304192 spec.py:333] Evaluating on the validation split.
I0328 00:43:44.006013 139830572304192 spec.py:349] Evaluating on the test split.
I0328 00:44:11.151159 139830572304192 submission_runner.py:422] Time since start: 6511.91s, 	Step: 6753, 	{'train/ctc_loss': Array(0.578787, dtype=float32), 'train/wer': 0.19471876341777586, 'validation/ctc_loss': Array(0.9009755, dtype=float32), 'validation/wer': 0.26286723886577135, 'validation/num_examples': 5348, 'test/ctc_loss': Array(0.6343018, dtype=float32), 'test/wer': 0.20654845327321106, 'test/num_examples': 2472, 'score': 5824.133357048035, 'total_duration': 6511.907742738724, 'accumulated_submission_time': 5824.133357048035, 'accumulated_eval_time': 687.2851898670197, 'accumulated_logging_time': 0.20379209518432617}
I0328 00:44:11.189675 139660461315840 logging_writer.py:48] [6753] accumulated_eval_time=687.285190, accumulated_logging_time=0.203792, accumulated_submission_time=5824.133357, global_step=6753, preemption_count=0, score=5824.133357, test/ctc_loss=0.6343017816543579, test/num_examples=2472, test/wer=0.206548, total_duration=6511.907743, train/ctc_loss=0.5787870287895203, train/wer=0.194719, validation/ctc_loss=0.9009755253791809, validation/num_examples=5348, validation/wer=0.262867
I0328 00:47:26.380726 139660452923136 logging_writer.py:48] [7000] global_step=7000, grad_norm=0.8938352465629578, loss=1.8307931423187256
I0328 00:54:28.620083 139660461315840 logging_writer.py:48] [7500] global_step=7500, grad_norm=0.8904273509979248, loss=1.8652527332305908
I0328 01:02:03.365883 139660452923136 logging_writer.py:48] [8000] global_step=8000, grad_norm=0.9340442419052124, loss=1.8126674890518188
I0328 01:08:11.667165 139830572304192 spec.py:321] Evaluating on the training split.
I0328 01:09:04.787260 139830572304192 spec.py:333] Evaluating on the validation split.
I0328 01:09:56.289925 139830572304192 spec.py:349] Evaluating on the test split.
I0328 01:10:23.269425 139830572304192 submission_runner.py:422] Time since start: 8084.03s, 	Step: 8422, 	{'train/ctc_loss': Array(0.4766765, dtype=float32), 'train/wer': 0.16644197525495227, 'validation/ctc_loss': Array(0.7910166, dtype=float32), 'validation/wer': 0.2347915077671684, 'validation/num_examples': 5348, 'test/ctc_loss': Array(0.52758694, dtype=float32), 'test/wer': 0.17581703329067902, 'test/num_examples': 2472, 'score': 7264.523436784744, 'total_duration': 8084.025124788284, 'accumulated_submission_time': 7264.523436784744, 'accumulated_eval_time': 818.8811542987823, 'accumulated_logging_time': 0.2602109909057617}
I0328 01:10:23.311694 139660461315840 logging_writer.py:48] [8422] accumulated_eval_time=818.881154, accumulated_logging_time=0.260211, accumulated_submission_time=7264.523437, global_step=8422, preemption_count=0, score=7264.523437, test/ctc_loss=0.5275869369506836, test/num_examples=2472, test/wer=0.175817, total_duration=8084.025125, train/ctc_loss=0.47667649388313293, train/wer=0.166442, validation/ctc_loss=0.7910165786743164, validation/num_examples=5348, validation/wer=0.234792
I0328 01:11:24.113289 139660452923136 logging_writer.py:48] [8500] global_step=8500, grad_norm=0.6591472029685974, loss=1.8026385307312012
I0328 01:18:45.679310 139660461315840 logging_writer.py:48] [9000] global_step=9000, grad_norm=0.6864529252052307, loss=1.7184354066848755
I0328 01:26:06.356176 139660461315840 logging_writer.py:48] [9500] global_step=9500, grad_norm=0.8479019999504089, loss=1.7532488107681274
I0328 01:33:34.829292 139660452923136 logging_writer.py:48] [10000] global_step=10000, grad_norm=0.913636326789856, loss=1.6495832204818726
I0328 01:34:23.905328 139830572304192 spec.py:321] Evaluating on the training split.
I0328 01:35:17.416920 139830572304192 spec.py:333] Evaluating on the validation split.
I0328 01:36:09.937788 139830572304192 spec.py:349] Evaluating on the test split.
I0328 01:36:36.061024 139830572304192 submission_runner.py:422] Time since start: 9656.82s, 	Step: 10054, 	{'train/ctc_loss': Array(0.44431105, dtype=float32), 'train/wer': 0.1535921387455922, 'validation/ctc_loss': Array(0.71349037, dtype=float32), 'validation/wer': 0.21470982940228042, 'validation/num_examples': 5348, 'test/ctc_loss': Array(0.47078082, dtype=float32), 'test/wer': 0.1561148010480775, 'test/num_examples': 2472, 'score': 8705.031720638275, 'total_duration': 9656.81776881218, 'accumulated_submission_time': 8705.031720638275, 'accumulated_eval_time': 951.0313429832458, 'accumulated_logging_time': 0.32175588607788086}
I0328 01:36:36.097500 139660461315840 logging_writer.py:48] [10054] accumulated_eval_time=951.031343, accumulated_logging_time=0.321756, accumulated_submission_time=8705.031721, global_step=10054, preemption_count=0, score=8705.031721, test/ctc_loss=0.4707808196544647, test/num_examples=2472, test/wer=0.156115, total_duration=9656.817769, train/ctc_loss=0.4443110525608063, train/wer=0.153592, validation/ctc_loss=0.71349036693573, validation/num_examples=5348, validation/wer=0.214710
I0328 01:42:33.757280 139660461315840 logging_writer.py:48] [10500] global_step=10500, grad_norm=0.6954727172851562, loss=1.649773120880127
I0328 01:50:02.570101 139660452923136 logging_writer.py:48] [11000] global_step=11000, grad_norm=0.5870663523674011, loss=1.6240622997283936
I0328 01:57:32.607115 139660461315840 logging_writer.py:48] [11500] global_step=11500, grad_norm=0.6277055144309998, loss=1.5905721187591553
I0328 02:00:36.738540 139830572304192 spec.py:321] Evaluating on the training split.
I0328 02:01:29.920031 139830572304192 spec.py:333] Evaluating on the validation split.
I0328 02:02:22.303723 139830572304192 spec.py:349] Evaluating on the test split.
I0328 02:02:48.966581 139830572304192 submission_runner.py:422] Time since start: 11229.72s, 	Step: 11727, 	{'train/ctc_loss': Array(0.3836643, dtype=float32), 'train/wer': 0.13669623295684172, 'validation/ctc_loss': Array(0.67822397, dtype=float32), 'validation/wer': 0.202506347934387, 'validation/num_examples': 5348, 'test/ctc_loss': Array(0.4395763, dtype=float32), 'test/wer': 0.14764487234172202, 'test/num_examples': 2472, 'score': 10145.590273141861, 'total_duration': 11229.721556901932, 'accumulated_submission_time': 10145.590273141861, 'accumulated_eval_time': 1083.252146244049, 'accumulated_logging_time': 0.37372469902038574}
I0328 02:02:49.000719 139660461315840 logging_writer.py:48] [11727] accumulated_eval_time=1083.252146, accumulated_logging_time=0.373725, accumulated_submission_time=10145.590273, global_step=11727, preemption_count=0, score=10145.590273, test/ctc_loss=0.43957629799842834, test/num_examples=2472, test/wer=0.147645, total_duration=11229.721557, train/ctc_loss=0.3836643099784851, train/wer=0.136696, validation/ctc_loss=0.6782239675521851, validation/num_examples=5348, validation/wer=0.202506
I0328 02:06:33.105854 139660452923136 logging_writer.py:48] [12000] global_step=12000, grad_norm=0.691405177116394, loss=1.5939652919769287
I0328 02:14:06.394193 139660461315840 logging_writer.py:48] [12500] global_step=12500, grad_norm=0.8160220980644226, loss=1.5499448776245117
I0328 02:21:23.120412 139660452923136 logging_writer.py:48] [13000] global_step=13000, grad_norm=0.6206692457199097, loss=1.5896649360656738
I0328 02:26:50.232583 139830572304192 spec.py:321] Evaluating on the training split.
I0328 02:27:44.610670 139830572304192 spec.py:333] Evaluating on the validation split.
I0328 02:28:37.511723 139830572304192 spec.py:349] Evaluating on the test split.
I0328 02:29:03.799848 139830572304192 submission_runner.py:422] Time since start: 12804.56s, 	Step: 13357, 	{'train/ctc_loss': Array(0.3055984, dtype=float32), 'train/wer': 0.1128578486180088, 'validation/ctc_loss': Array(0.61342394, dtype=float32), 'validation/wer': 0.18492522471204997, 'validation/num_examples': 5348, 'test/ctc_loss': Array(0.39000106, dtype=float32), 'test/wer': 0.13125342757906283, 'test/num_examples': 2472, 'score': 11586.739322423935, 'total_duration': 12804.55618262291, 'accumulated_submission_time': 11586.739322423935, 'accumulated_eval_time': 1216.8135154247284, 'accumulated_logging_time': 0.42533135414123535}
I0328 02:29:03.834367 139660461315840 logging_writer.py:48] [13357] accumulated_eval_time=1216.813515, accumulated_logging_time=0.425331, accumulated_submission_time=11586.739322, global_step=13357, preemption_count=0, score=11586.739322, test/ctc_loss=0.3900010585784912, test/num_examples=2472, test/wer=0.131253, total_duration=12804.556183, train/ctc_loss=0.3055984079837799, train/wer=0.112858, validation/ctc_loss=0.6134239435195923, validation/num_examples=5348, validation/wer=0.184925
I0328 02:30:59.204456 139660461315840 logging_writer.py:48] [13500] global_step=13500, grad_norm=0.5994521975517273, loss=1.4888191223144531
I0328 02:38:14.796578 139660452923136 logging_writer.py:48] [14000] global_step=14000, grad_norm=0.676763653755188, loss=1.5699045658111572
I0328 02:45:50.233332 139660461315840 logging_writer.py:48] [14500] global_step=14500, grad_norm=0.8528773188591003, loss=1.4849905967712402
I0328 02:52:55.639827 139660452923136 logging_writer.py:48] [15000] global_step=15000, grad_norm=0.5999657511711121, loss=1.455186367034912
I0328 02:53:04.196961 139830572304192 spec.py:321] Evaluating on the training split.
I0328 02:53:58.042548 139830572304192 spec.py:333] Evaluating on the validation split.
I0328 02:54:49.990615 139830572304192 spec.py:349] Evaluating on the test split.
I0328 02:55:16.592857 139830572304192 submission_runner.py:422] Time since start: 14377.35s, 	Step: 15011, 	{'train/ctc_loss': Array(0.28416067, dtype=float32), 'train/wer': 0.10289994626773563, 'validation/ctc_loss': Array(0.5857413, dtype=float32), 'validation/wer': 0.17584985083561022, 'validation/num_examples': 5348, 'test/ctc_loss': Array(0.3622261, dtype=float32), 'test/wer': 0.12172729673186684, 'test/num_examples': 2472, 'score': 13027.020214796066, 'total_duration': 14377.346850395203, 'accumulated_submission_time': 13027.020214796066, 'accumulated_eval_time': 1349.2012033462524, 'accumulated_logging_time': 0.474001407623291}
I0328 02:55:16.628109 139660461315840 logging_writer.py:48] [15011] accumulated_eval_time=1349.201203, accumulated_logging_time=0.474001, accumulated_submission_time=13027.020215, global_step=15011, preemption_count=0, score=13027.020215, test/ctc_loss=0.36222609877586365, test/num_examples=2472, test/wer=0.121727, total_duration=14377.346850, train/ctc_loss=0.28416067361831665, train/wer=0.102900, validation/ctc_loss=0.5857412815093994, validation/num_examples=5348, validation/wer=0.175850
I0328 03:02:12.822746 139660461315840 logging_writer.py:48] [15500] global_step=15500, grad_norm=0.6339918375015259, loss=1.4200881719589233
I0328 03:09:10.894636 139660452923136 logging_writer.py:48] [16000] global_step=16000, grad_norm=0.5814478397369385, loss=1.425463080406189
I0328 03:16:57.970474 139660461315840 logging_writer.py:48] [16500] global_step=16500, grad_norm=0.5791611671447754, loss=1.4393267631530762
I0328 03:19:17.135774 139830572304192 spec.py:321] Evaluating on the training split.
I0328 03:20:10.947752 139830572304192 spec.py:333] Evaluating on the validation split.
I0328 03:21:02.596600 139830572304192 spec.py:349] Evaluating on the test split.
I0328 03:21:28.627725 139830572304192 submission_runner.py:422] Time since start: 15949.38s, 	Step: 16682, 	{'train/ctc_loss': Array(0.27041918, dtype=float32), 'train/wer': 0.10149785216687135, 'validation/ctc_loss': Array(0.5640194, dtype=float32), 'validation/wer': 0.16954536238740262, 'validation/num_examples': 5348, 'test/ctc_loss': Array(0.34598127, dtype=float32), 'test/wer': 0.11721812605366319, 'test/num_examples': 2472, 'score': 14467.445353746414, 'total_duration': 15949.384074926376, 'accumulated_submission_time': 14467.445353746414, 'accumulated_eval_time': 1480.6872804164886, 'accumulated_logging_time': 0.5242908000946045}
I0328 03:21:28.664301 139660461315840 logging_writer.py:48] [16682] accumulated_eval_time=1480.687280, accumulated_logging_time=0.524291, accumulated_submission_time=14467.445354, global_step=16682, preemption_count=0, score=14467.445354, test/ctc_loss=0.34598127007484436, test/num_examples=2472, test/wer=0.117218, total_duration=15949.384075, train/ctc_loss=0.270419180393219, train/wer=0.101498, validation/ctc_loss=0.5640193819999695, validation/num_examples=5348, validation/wer=0.169545
I0328 03:25:42.543639 139660452923136 logging_writer.py:48] [17000] global_step=17000, grad_norm=0.5870776176452637, loss=1.457401156425476
I0328 03:33:27.146052 139660461315840 logging_writer.py:48] [17500] global_step=17500, grad_norm=0.5622258186340332, loss=1.4385199546813965
I0328 03:40:29.438119 139660461315840 logging_writer.py:48] [18000] global_step=18000, grad_norm=0.6032423377037048, loss=1.4399913549423218
I0328 03:45:30.211046 139830572304192 spec.py:321] Evaluating on the training split.
I0328 03:46:24.836539 139830572304192 spec.py:333] Evaluating on the validation split.
I0328 03:47:16.582682 139830572304192 spec.py:349] Evaluating on the test split.
I0328 03:47:42.503709 139830572304192 submission_runner.py:422] Time since start: 17523.26s, 	Step: 18324, 	{'train/ctc_loss': Array(0.27392852, dtype=float32), 'train/wer': 0.0977127898675269, 'validation/ctc_loss': Array(0.5390841, dtype=float32), 'validation/wer': 0.1617830213271286, 'validation/num_examples': 5348, 'test/ctc_loss': Array(0.3257008, dtype=float32), 'test/wer': 0.11067779741230475, 'test/num_examples': 2472, 'score': 15908.906670331955, 'total_duration': 17523.260184288025, 'accumulated_submission_time': 15908.906670331955, 'accumulated_eval_time': 1612.9742171764374, 'accumulated_logging_time': 0.5788280963897705}
I0328 03:47:42.540240 139660461315840 logging_writer.py:48] [18324] accumulated_eval_time=1612.974217, accumulated_logging_time=0.578828, accumulated_submission_time=15908.906670, global_step=18324, preemption_count=0, score=15908.906670, test/ctc_loss=0.3257007896900177, test/num_examples=2472, test/wer=0.110678, total_duration=17523.260184, train/ctc_loss=0.27392852306365967, train/wer=0.097713, validation/ctc_loss=0.5390840768814087, validation/num_examples=5348, validation/wer=0.161783
I0328 03:49:59.203086 139660452923136 logging_writer.py:48] [18500] global_step=18500, grad_norm=0.5447486639022827, loss=1.3726186752319336
I0328 03:56:48.900966 139660461315840 logging_writer.py:48] [19000] global_step=19000, grad_norm=0.9788918495178223, loss=1.4180828332901
I0328 04:04:35.115366 139660452923136 logging_writer.py:48] [19500] global_step=19500, grad_norm=0.7448723316192627, loss=1.395076036453247
I0328 04:11:38.547855 139660461315840 logging_writer.py:48] [20000] global_step=20000, grad_norm=0.7709578275680542, loss=1.3807885646820068
I0328 04:11:42.700999 139830572304192 spec.py:321] Evaluating on the training split.
I0328 04:12:36.766130 139830572304192 spec.py:333] Evaluating on the validation split.
I0328 04:13:29.680097 139830572304192 spec.py:349] Evaluating on the test split.
I0328 04:13:56.877891 139830572304192 submission_runner.py:422] Time since start: 19097.63s, 	Step: 20006, 	{'train/ctc_loss': Array(0.2641379, dtype=float32), 'train/wer': 0.09598754847389664, 'validation/ctc_loss': Array(0.5339303, dtype=float32), 'validation/wer': 0.1605761896946233, 'validation/num_examples': 5348, 'test/ctc_loss': Array(0.32188797, dtype=float32), 'test/wer': 0.1081997846972559, 'test/num_examples': 2472, 'score': 17348.98264670372, 'total_duration': 19097.63163137436, 'accumulated_submission_time': 17348.98264670372, 'accumulated_eval_time': 1747.1426239013672, 'accumulated_logging_time': 0.6316156387329102}
I0328 04:13:56.919244 139660461315840 logging_writer.py:48] [20006] accumulated_eval_time=1747.142624, accumulated_logging_time=0.631616, accumulated_submission_time=17348.982647, global_step=20006, preemption_count=0, score=17348.982647, test/ctc_loss=0.3218879699707031, test/num_examples=2472, test/wer=0.108200, total_duration=19097.631631, train/ctc_loss=0.2641378939151764, train/wer=0.095988, validation/ctc_loss=0.5339303016662598, validation/num_examples=5348, validation/wer=0.160576
I0328 04:21:03.880861 139660452923136 logging_writer.py:48] [20500] global_step=20500, grad_norm=0.9382143020629883, loss=1.3590068817138672
I0328 04:27:58.995979 139660461315840 logging_writer.py:48] [21000] global_step=21000, grad_norm=0.7586607933044434, loss=1.3292005062103271
I0328 04:35:44.367440 139660452923136 logging_writer.py:48] [21500] global_step=21500, grad_norm=0.7860080599784851, loss=1.3549436330795288
I0328 04:37:57.298998 139830572304192 spec.py:321] Evaluating on the training split.
I0328 04:38:52.004296 139830572304192 spec.py:333] Evaluating on the validation split.
I0328 04:39:44.561503 139830572304192 spec.py:349] Evaluating on the test split.
I0328 04:40:11.343665 139830572304192 submission_runner.py:422] Time since start: 20672.10s, 	Step: 21646, 	{'train/ctc_loss': Array(0.24032316, dtype=float32), 'train/wer': 0.09030764481942587, 'validation/ctc_loss': Array(0.51044405, dtype=float32), 'validation/wer': 0.15583575504214256, 'validation/num_examples': 5348, 'test/ctc_loss': Array(0.30741346, dtype=float32), 'test/wer': 0.10627018463225885, 'test/num_examples': 2472, 'score': 18789.276383399963, 'total_duration': 20672.09979915619, 'accumulated_submission_time': 18789.276383399963, 'accumulated_eval_time': 1881.1813807487488, 'accumulated_logging_time': 0.6918046474456787}
I0328 04:40:11.378843 139660461315840 logging_writer.py:48] [21646] accumulated_eval_time=1881.181381, accumulated_logging_time=0.691805, accumulated_submission_time=18789.276383, global_step=21646, preemption_count=0, score=18789.276383, test/ctc_loss=0.3074134588241577, test/num_examples=2472, test/wer=0.106270, total_duration=20672.099799, train/ctc_loss=0.24032315611839294, train/wer=0.090308, validation/ctc_loss=0.5104440450668335, validation/num_examples=5348, validation/wer=0.155836
I0328 04:44:45.254606 139660452923136 logging_writer.py:48] [22000] global_step=22000, grad_norm=0.5562446713447571, loss=1.3234111070632935
I0328 04:52:20.740826 139660461315840 logging_writer.py:48] [22500] global_step=22500, grad_norm=0.6883074641227722, loss=1.3420848846435547
I0328 04:59:26.569839 139660461315840 logging_writer.py:48] [23000] global_step=23000, grad_norm=0.5971941351890564, loss=1.3571584224700928
I0328 05:04:11.925021 139830572304192 spec.py:321] Evaluating on the training split.
I0328 05:05:06.334838 139830572304192 spec.py:333] Evaluating on the validation split.
I0328 05:05:58.607354 139830572304192 spec.py:349] Evaluating on the test split.
I0328 05:06:24.911828 139830572304192 submission_runner.py:422] Time since start: 22245.67s, 	Step: 23306, 	{'train/ctc_loss': Array(0.22086065, dtype=float32), 'train/wer': 0.08272454710527427, 'validation/ctc_loss': Array(0.501632, dtype=float32), 'validation/wer': 0.15032294814485841, 'validation/num_examples': 5348, 'test/ctc_loss': Array(0.29966813, dtype=float32), 'test/wer': 0.1018828834318445, 'test/num_examples': 2472, 'score': 20229.73876142502, 'total_duration': 22245.6676902771, 'accumulated_submission_time': 20229.73876142502, 'accumulated_eval_time': 2014.161872625351, 'accumulated_logging_time': 0.7436320781707764}
I0328 05:06:24.953939 139660461315840 logging_writer.py:48] [23306] accumulated_eval_time=2014.161873, accumulated_logging_time=0.743632, accumulated_submission_time=20229.738761, global_step=23306, preemption_count=0, score=20229.738761, test/ctc_loss=0.2996681332588196, test/num_examples=2472, test/wer=0.101883, total_duration=22245.667690, train/ctc_loss=0.22086064517498016, train/wer=0.082725, validation/ctc_loss=0.5016319751739502, validation/num_examples=5348, validation/wer=0.150323
I0328 05:08:55.674729 139660452923136 logging_writer.py:48] [23500] global_step=23500, grad_norm=0.6483432054519653, loss=1.3311020135879517
I0328 05:16:02.272650 139660461315840 logging_writer.py:48] [24000] global_step=24000, grad_norm=0.6115933060646057, loss=1.3072178363800049
I0328 05:23:37.685956 139660452923136 logging_writer.py:48] [24500] global_step=24500, grad_norm=0.6416068077087402, loss=1.318056583404541
I0328 05:30:25.842488 139830572304192 spec.py:321] Evaluating on the training split.
I0328 05:31:19.895370 139830572304192 spec.py:333] Evaluating on the validation split.
I0328 05:32:13.136189 139830572304192 spec.py:349] Evaluating on the test split.
I0328 05:32:39.743679 139830572304192 submission_runner.py:422] Time since start: 23820.50s, 	Step: 24979, 	{'train/ctc_loss': Array(0.20263907, dtype=float32), 'train/wer': 0.07717467852578315, 'validation/ctc_loss': Array(0.48382592, dtype=float32), 'validation/wer': 0.14499357965571508, 'validation/num_examples': 5348, 'test/ctc_loss': Array(0.28374016, dtype=float32), 'test/wer': 0.09554567058680154, 'test/num_examples': 2472, 'score': 21670.540892362595, 'total_duration': 23820.499814510345, 'accumulated_submission_time': 21670.540892362595, 'accumulated_eval_time': 2148.05703496933, 'accumulated_logging_time': 0.8052024841308594}
I0328 05:32:39.780509 139660461315840 logging_writer.py:48] [24979] accumulated_eval_time=2148.057035, accumulated_logging_time=0.805202, accumulated_submission_time=21670.540892, global_step=24979, preemption_count=0, score=21670.540892, test/ctc_loss=0.28374016284942627, test/num_examples=2472, test/wer=0.095546, total_duration=23820.499815, train/ctc_loss=0.20263907313346863, train/wer=0.077175, validation/ctc_loss=0.4838259220123291, validation/num_examples=5348, validation/wer=0.144994
I0328 05:32:56.752567 139660452923136 logging_writer.py:48] [25000] global_step=25000, grad_norm=0.5994676351547241, loss=1.279463291168213
I0328 05:39:59.550409 139660461315840 logging_writer.py:48] [25500] global_step=25500, grad_norm=0.6888344287872314, loss=1.3827497959136963
I0328 05:47:12.123226 139660461315840 logging_writer.py:48] [26000] global_step=26000, grad_norm=0.7745823264122009, loss=1.2991048097610474
I0328 05:54:46.083940 139660452923136 logging_writer.py:48] [26500] global_step=26500, grad_norm=0.6045498847961426, loss=1.3085657358169556
I0328 05:56:40.337079 139830572304192 spec.py:321] Evaluating on the training split.
I0328 05:57:35.517884 139830572304192 spec.py:333] Evaluating on the validation split.
I0328 05:58:27.736536 139830572304192 spec.py:349] Evaluating on the test split.
I0328 05:58:54.200573 139830572304192 submission_runner.py:422] Time since start: 25394.96s, 	Step: 26623, 	{'train/ctc_loss': Array(0.19714585, dtype=float32), 'train/wer': 0.07220443689846683, 'validation/ctc_loss': Array(0.47429636, dtype=float32), 'validation/wer': 0.14053312994197553, 'validation/num_examples': 5348, 'test/ctc_loss': Array(0.2735317, dtype=float32), 'test/wer': 0.0924379989031747, 'test/num_examples': 2472, 'score': 23111.013807058334, 'total_duration': 25394.956656455994, 'accumulated_submission_time': 23111.013807058334, 'accumulated_eval_time': 2281.9143664836884, 'accumulated_logging_time': 0.8588449954986572}
I0328 05:58:54.235952 139660461315840 logging_writer.py:48] [26623] accumulated_eval_time=2281.914366, accumulated_logging_time=0.858845, accumulated_submission_time=23111.013807, global_step=26623, preemption_count=0, score=23111.013807, test/ctc_loss=0.2735317051410675, test/num_examples=2472, test/wer=0.092438, total_duration=25394.956656, train/ctc_loss=0.19714584946632385, train/wer=0.072204, validation/ctc_loss=0.47429636120796204, validation/num_examples=5348, validation/wer=0.140533
I0328 06:03:52.718860 139660461315840 logging_writer.py:48] [27000] global_step=27000, grad_norm=0.6732746362686157, loss=1.2863999605178833
